Component: ARM Compiler 5.06 update 4 (build 422) Tool: armlink [4d35d2]

==============================================================================

Section Cross References

    startup_stm32f103xb.o(RESET) refers to startup_stm32f103xb.o(STACK) for __initial_sp
    startup_stm32f103xb.o(RESET) refers to startup_stm32f103xb.o(.text) for Reset_Handler
    startup_stm32f103xb.o(RESET) refers to stm32f1xx_it.o(i.NMI_Handler) for NMI_Handler
    startup_stm32f103xb.o(RESET) refers to stm32f1xx_it.o(i.HardFault_Handler) for HardFault_Handler
    startup_stm32f103xb.o(RESET) refers to stm32f1xx_it.o(i.MemManage_Handler) for MemManage_Handler
    startup_stm32f103xb.o(RESET) refers to stm32f1xx_it.o(i.BusFault_Handler) for BusFault_Handler
    startup_stm32f103xb.o(RESET) refers to stm32f1xx_it.o(i.UsageFault_Handler) for UsageFault_Handler
    startup_stm32f103xb.o(RESET) refers to port.o(.emb_text) for SVC_Handler
    startup_stm32f103xb.o(RESET) refers to stm32f1xx_it.o(i.DebugMon_Handler) for DebugMon_Handler
    startup_stm32f103xb.o(RESET) refers to port.o(i.SysTick_Handler) for SysTick_Handler
    startup_stm32f103xb.o(RESET) refers to stm32f1xx_it.o(i.DMA1_Channel6_IRQHandler) for DMA1_Channel6_IRQHandler
    startup_stm32f103xb.o(RESET) refers to stm32f1xx_it.o(i.USB_LP_CAN1_RX0_IRQHandler) for USB_LP_CAN1_RX0_IRQHandler
    startup_stm32f103xb.o(RESET) refers to stm32f1xx_it.o(i.EXTI9_5_IRQHandler) for EXTI9_5_IRQHandler
    startup_stm32f103xb.o(RESET) refers to stm32f1xx_it.o(i.TIM2_IRQHandler) for TIM2_IRQHandler
    startup_stm32f103xb.o(RESET) refers to stm32f1xx_it.o(i.TIM4_IRQHandler) for TIM4_IRQHandler
    startup_stm32f103xb.o(.text) refers to system_stm32f1xx.o(i.SystemInit) for SystemInit
    startup_stm32f103xb.o(.text) refers to entry.o(.ARM.Collect$$$$00000000) for __main
    dht.o(i.DHT_getData) refers to stm32f1xx_hal.o(i.HAL_GetTick) for HAL_GetTick
    dht.o(i.DHT_getData) refers to stm32f1xx_hal_gpio.o(i.HAL_GPIO_WritePin) for HAL_GPIO_WritePin
    dht.o(i.DHT_getData) refers to stm32f1xx_hal_gpio.o(i.HAL_GPIO_Init) for HAL_GPIO_Init
    dht.o(i.DHT_getData) refers to stm32f1xx_hal.o(i.HAL_Delay) for HAL_Delay
    dht.o(i.DHT_getData) refers to stm32f1xx_hal_gpio.o(i.HAL_GPIO_ReadPin) for HAL_GPIO_ReadPin
    dht.o(i.DHT_getData) refers to ffltui.o(.text) for __aeabi_ui2f
    dht.o(i.DHT_getData) refers to fmul.o(.text) for __aeabi_fmul
    dht.o(i.DHT_getData) refers to dht.o(.constdata) for .constdata
    delay.o(i.delay_init) refers to stm32f1xx_hal_tim.o(i.HAL_TIM_Base_Start) for HAL_TIM_Base_Start
    delay.o(i.delay_init) refers to main.o(.bss) for htim1
    delay.o(i.delay_ms) refers to stm32f1xx_hal.o(i.HAL_Delay) for HAL_Delay
    delay.o(i.delay_us) refers to main.o(.bss) for htim1
    st7920_serial.o(i.DrawCircle) refers to st7920_serial.o(i.SetPixel) for SetPixel
    st7920_serial.o(i.DrawFilledCircle) refers to st7920_serial.o(i.SetPixel) for SetPixel
    st7920_serial.o(i.DrawFilledCircle) refers to st7920_serial.o(i.DrawLine) for DrawLine
    st7920_serial.o(i.DrawFilledRectangle) refers to st7920_serial.o(i.DrawLine) for DrawLine
    st7920_serial.o(i.DrawFilledRectangle) refers to st7920_serial.o(.data) for .data
    st7920_serial.o(i.DrawFilledTriangle) refers to st7920_serial.o(i.DrawLine) for DrawLine
    st7920_serial.o(i.DrawLine) refers to st7920_serial.o(i.SetPixel) for SetPixel
    st7920_serial.o(i.DrawRectangle) refers to st7920_serial.o(i.DrawLine) for DrawLine
    st7920_serial.o(i.DrawRectangle) refers to st7920_serial.o(.data) for .data
    st7920_serial.o(i.DrawTriangle) refers to st7920_serial.o(i.DrawLine) for DrawLine
    st7920_serial.o(i.ST7920_Clear) refers to st7920_serial.o(i.ST7920_SendCmd) for ST7920_SendCmd
    st7920_serial.o(i.ST7920_Clear) refers to stm32f1xx_hal.o(i.HAL_Delay) for HAL_Delay
    st7920_serial.o(i.ST7920_Clear) refers to st7920_serial.o(i.ST7920_SendData) for ST7920_SendData
    st7920_serial.o(i.ST7920_Clear) refers to st7920_serial.o(.data) for .data
    st7920_serial.o(i.ST7920_DrawBitmap) refers to st7920_serial.o(i.ST7920_SendCmd) for ST7920_SendCmd
    st7920_serial.o(i.ST7920_DrawBitmap) refers to st7920_serial.o(i.ST7920_SendData) for ST7920_SendData
    st7920_serial.o(i.ST7920_GraphicMode) refers to st7920_serial.o(i.ST7920_SendCmd) for ST7920_SendCmd
    st7920_serial.o(i.ST7920_GraphicMode) refers to stm32f1xx_hal.o(i.HAL_Delay) for HAL_Delay
    st7920_serial.o(i.ST7920_GraphicMode) refers to st7920_serial.o(.data) for .data
    st7920_serial.o(i.ST7920_Init) refers to stm32f1xx_hal_gpio.o(i.HAL_GPIO_WritePin) for HAL_GPIO_WritePin
    st7920_serial.o(i.ST7920_Init) refers to stm32f1xx_hal.o(i.HAL_Delay) for HAL_Delay
    st7920_serial.o(i.ST7920_Init) refers to st7920_serial.o(i.ST7920_SendCmd) for ST7920_SendCmd
    st7920_serial.o(i.ST7920_Init) refers to delay.o(i.delay_us) for delay_us
    st7920_serial.o(i.ST7920_SendCmd) refers to stm32f1xx_hal_gpio.o(i.HAL_GPIO_WritePin) for HAL_GPIO_WritePin
[...]

    Global Symbols

    Symbol Name                              Value     Ov Type        Size  Object(Section)

    BuildAttributes$$THM_ISAv4$P$D$K$B$S$PE$A:L22UL41UL21$X:L11$S22US41US21$IEEE1$IW$USESV6$~STKCKD$USESV7$~SHL$OTIME$ROPI$IEEEJ$EBA8$MICROLIB$REQ8$PRES8$EABIv2 0x00000000   Number         0  anon$$obj.o ABSOLUTE
    __ARM_use_no_argv                        0x00000000   Number         0  main.o ABSOLUTE
    _printf_a                                0x00000000   Number         0  stubs.o ABSOLUTE
    _printf_c                                0x00000000   Number         0  stubs.o ABSOLUTE
    _printf_charcount                        0x00000000   Number         0  stubs.o ABSOLUTE
    _printf_d                                0x00000000   Number         0  stubs.o ABSOLUTE
    _printf_e                                0x00000000   Number         0  stubs.o ABSOLUTE
    _printf_f                                0x00000000   Number         0  stubs.o ABSOLUTE
    _printf_flags                            0x00000000   Number         0  stubs.o ABSOLUTE
    _printf_fp_dec                           0x00000000   Number         0  stubs.o ABSOLUTE
    _printf_fp_hex                           0x00000000   Number         0  stubs.o ABSOLUTE
    _printf_g                                0x00000000   Number         0  stubs.o ABSOLUTE
    _printf_i                                0x00000000   Number         0  stubs.o ABSOLUTE
    _printf_int_dec                          0x00000000   Number         0  stubs.o ABSOLUTE
    _printf_l                                0x00000000   Number         0  stubs.o ABSOLUTE
    _printf_lc                               0x00000000   Number         0  stubs.o ABSOLUTE
    _printf_ll                               0x00000000   Number         0  stubs.o ABSOLUTE
    _printf_lld                              0x00000000   Number         0  stubs.o ABSOLUTE
    _printf_lli                              0x00000000   Number         0  stubs.o ABSOLUTE
    _printf_llo                              0x00000000   Number         0  stubs.o ABSOLUTE
    _printf_llu                              0x00000000   Number         0  stubs.o ABSOLUTE
    _printf_llx                              0x00000000   Number         0  stubs.o ABSOLUTE
    _printf_longlong_dec                     0x00000000   Number         0  stubs.o ABSOLUTE
    _printf_longlong_hex                     0x00000000   Number         0  stubs.o ABSOLUTE
    _printf_longlong_oct                     0x00000000   Number         0  stubs.o ABSOLUTE
    _printf_ls                               0x00000000   Number         0  stubs.o ABSOLUTE
    _printf_mbtowc                           0x00000000   Number         0  stubs.o ABSOLUTE
    _printf_n                                0x00000000   Number         0  stubs.o ABSOLUTE
    _printf_o                                0x00000000   Number         0  stubs.o ABSOLUTE
    _printf_p                                0x00000000   Number         0  stubs.o ABSOLUTE
    _printf_percent                          0x00000000   Number         0  stubs.o ABSOLUTE
    _printf_pre_padding                      0x00000000   Number         0  stubs.o ABSOLUTE
    _printf_return_value                     0x00000000   Number         0  stubs.o ABSOLUTE
    _printf_s                                0x00000000   Number         0  stubs.o ABSOLUTE
    _printf_sizespec                         0x00000000   Number         0  stubs.o ABSOLUTE
    _printf_str                              0x00000000   Number         0  stubs.o ABSOLUTE
    _printf_truncate_signed                  0x00000000   Number         0  stubs.o ABSOLUTE
    _printf_truncate_unsigned                0x00000000   Number         0  stubs.o ABSOLUTE
    _printf_u                                0x00000000   Number         0  stubs.o ABSOLUTE
    _printf_wc                               0x00000000   Number         0  stubs.o ABSOLUTE
    _printf_wctomb                           0x00000000   Number         0  stubs.o ABSOLUTE
    _printf_widthprec                        0x00000000   Number         0  stubs.o ABSOLUTE
    _printf_x                                0x00000000   Number         0  stubs.o ABSOLUTE
    __cpp_initialize__aeabi_                  - Undefined Weak Reference
    __cxa_finalize                            - Undefined Weak Reference
    _clock_init                               - Undefined Weak Reference
    _microlib_exit                            - Undefined Weak Reference
    __Vectors_Size                           0x000000ec   Number         0  startup_stm32f103xb.o ABSOLUTE
    __Vectors                                0x08000000   Data           4  startup_stm32f103xb.o(RESET)
    __Vectors_End                            0x080000ec   Data           0  startup_stm32f103xb.o(RESET)
    __main                                   0x080000ed   Thumb Code     0  entry.o(.ARM.Collect$$$$00000000)
    _main_stk                                0x080000ed   Thumb Code     0  entry2.o(.ARM.Collect$$$$00000001)
    _main_scatterload                        0x080000f1   Thumb Code     0  entry5.o(.ARM.Collect$$$$00000004)
    __main_after_scatterload                 0x080000f5   Thumb Code     0  entry5.o(.ARM.Collect$$$$00000004)
    _main_clock                              0x080000f5   Thumb Code     0  entry7b.o(.ARM.Collect$$$$00000008)
    _main_cpp_init                           0x080000f5   Thumb Code     0  entry8b.o(.ARM.Collect$$$$0000000A)
    _main_init                               0x080000f5   Thumb Code     0  entry9a.o(.ARM.Collect$$$$0000000B)
    __rt_final_cpp                           0x080000fd   Thumb Code     0  entry10a.o(.ARM.Collect$$$$0000000D)
    __rt_final_exit                          0x080000fd   Thumb Code     0  entry11a.o(.ARM.Collect$$$$0000000F)
    SVC_Handler                              0x08000101   Thumb Code    32  port.o(.emb_text)
    __asm___6_port_c_39a90d8d__prvStartFirstTask 0x08000125   Thumb Code    28  port.o(.emb_text)
    PendSV_Handler                           0x08000145   Thumb Code    72  port.o(.emb_text)
    vPortGetIPSR                             0x08000191   Thumb Code     6  port.o(.emb_text)
    Reset_Handler                            0x08000199   Thumb Code     8  startup_stm32f103xb.o(.text)
    ADC1_2_IRQHandler                        0x080001b3   Thumb Code     0  startup_stm32f103xb.o(.text)
    CAN1_RX1_IRQHandler                      0x080001b3   Thumb Code     0  startup_stm32f103xb.o(.text)
    CAN1_SCE_IRQHandler                      0x080001b3   Thumb Code     0  startup_stm32f103xb.o(.text)
    DMA1_Channel1_IRQHandler                 0x080001b3   Thumb Code     0  startup_stm32f103xb.o(.text)
    DMA1_Channel2_IRQHandler                 0x080001b3   Thumb Code     0  startup_stm32f103xb.o(.text)
    DMA1_Channel3_IRQHandler                 0x080001b3   Thumb Code     0  startup_stm32f103xb.o(.text)
    DMA1_Channel4_IRQHandler                 0x080001b3   Thumb Code     0  startup_stm32f103xb.o(.text)
    DMA1_Channel5_IRQHandler                 0x080001b3   Thumb Code     0  startup_stm32f103xb.o(.text)
    DMA1_Channel7_IRQHandler                 0x080001b3   Thumb Code     0  startup_stm32f103xb.o(.text)
    EXTI0_IRQHandler                         0x080001b3   Thumb Code     0  startup_stm32f103xb.o(.text)
    EXTI15_10_IRQHandler                     0x080001b3   Thumb Code     0  startup_stm32f103xb.o(.text)
    EXTI1_IRQHandler                         0x080001b3   Thumb Code     0  startup_stm32f103xb.o(.text)
    EXTI2_IRQHandler                         0x080001b3   Thumb Code     0  startup_stm32f103xb.o(.text)
    EXTI3_IRQHandler                         0x080001b3   Thumb Code     0  startup_stm32f103xb.o(.text)
    EXTI4_IRQHandler                         0x080001b3   Thumb Code     0  startup_stm32f103xb.o(.text)
    FLASH_IRQHandler                         0x080001b3   Thumb Code     0  startup_stm32f103xb.o(.text)
    I2C1_ER_IRQHandler                       0x080001b3   Thumb Code     0  startup_stm32f103xb.o(.text)
    I2C1_EV_IRQHandler                       0x080001b3   Thumb Code     0  startup_stm32f103xb.o(.text)
    I2C2_ER_IRQHandler                       0x080001b3   Thumb Code     0  startup_stm32f103xb.o(.text)
    I2C2_EV_IRQHandler                       0x080001b3   Thumb Code     0  startup_stm32f103xb.o(.text)
    PVD_IRQHandler                           0x080001b3   Thumb Code     0  startup_stm32f103xb.o(.text)
    RCC_IRQHandler                           0x080001b3   Thumb Code     0  startup_stm32f103xb.o(.text)
    RTC_Alarm_IRQHandler                     0x080001b3   Thumb Code     0  startup_stm32f103xb.o(.text)
    RTC_IRQHandler                           0x080001b3   Thumb Code     0  startup_stm32f103xb.o(.text)
    SPI1_IRQHandler                          0x080001b3   Thumb Code     0  startup_stm32f103xb.o(.text)
    SPI2_IRQHandler                          0x080001b3   Thumb Code     0  startup_stm32f103xb.o(.text)
    TAMPER_IRQHandler                        0x080001b3   Thumb Code     0  startup_stm32f103xb.o(.text)
    TIM1_BRK_IRQHandler                      0x080001b3   Thumb Code     0  startup_stm32f103xb.o(.text)
    TIM1_CC_IRQHandler                       0x080001b3   Thumb Code     0  startup_stm32f103xb.o(.text)
    TIM1_TRG_COM_IRQHandler                  0x080001b3   Thumb Code     0  startup_stm32f103xb.o(.text)
    TIM1_UP_IRQHandler                       0x080001b3   Thumb Code     0  startup_stm32f103xb.o(.text)
    TIM3_IRQHandler                          0x080001b3   Thumb Code     0  startup_stm32f103xb.o(.text)
    USART1_IRQHandler                        0x080001b3   Thumb Code     0  startup_stm32f103xb.o(.text)
    USART2_IRQHandler                        0x080001b3   Thumb Code     0  startup_stm32f103xb.o(.text)
    USART3_IRQHandler                        0x080001b3   Thumb Code     0  startup_stm32f103xb.o(.text)
    USBWakeUp_IRQHandler                     0x080001b3   Thumb Code     0  startup_stm32f103xb.o(.text)
    USB_HP_CAN1_TX_IRQHandler                0x080001b3   Thumb Code     0  startup_stm32f103xb.o(.text)
    WWDG_IRQHandler                          0x080001b3   Thumb Code     0  startup_stm32f103xb.o(.text)
    __aeabi_llsr                             0x080001bd   Thumb Code    32  llushr.o(.text)
    _ll_ushift_r                             0x080001bd   Thumb Code     0  llushr.o(.text)
    __aeabi_memcpy                           0x080001dd   Thumb Code    36  memcpya.o(.text)
    __aeabi_memcpy4                          0x080001dd   Thumb Code     0  memcpya.o(.text)
    __aeabi_memcpy8                          0x080001dd   Thumb Code     0  memcpya.o(.text)
    __aeabi_memset                           0x08000201   Thumb Code    14  memseta.o(.text)
    __aeabi_memset4                          0x08000201   Thumb Code     0  memseta.o(.text)
    __aeabi_memset8                          0x08000201   Thumb Code     0  memseta.o(.text)
    __aeabi_memclr                           0x0800020f   Thumb Code     4  memseta.o(.text)
    __aeabi_memclr4                          0x0800020f   Thumb Code     0  memseta.o(.text)
    __aeabi_memclr8                          0x0800020f   Thumb Code     0  memseta.o(.text)
    memset                                   0x08000213   Thumb Code    18  memseta.o(.text)
    __aeabi_fadd                             0x08000225   Thumb Code   164  fadd.o(.text)
    __aeabi_fsub                             0x080002c9   Thumb Code     6  fadd.o(.text)
    __aeabi_frsub                            0x080002cf   Thumb Code     6  fadd.o(.text)
    __aeabi_fmul                             0x080002d5   Thumb Code   100  fmul.o(.text)
    __aeabi_fdiv                             0x08000339   Thumb Code   124  fdiv.o(.text)
    __ARM_scalbnf                            0x080003b5   Thumb Code    24  fscalb.o(.text)
    scalbnf                                  0x080003b5   Thumb Code     0  fscalb.o(.text)
    __aeabi_dmul                             0x080003cd   Thumb Code   228  dmul.o(.text)
    __aeabi_ui2f                             0x080004b1   Thumb Code    10  ffltui.o(.text)
    __aeabi_ui2d                             0x080004bb   Thumb Code    26  dfltui.o(.text)
    __aeabi_f2uiz                            0x080004d5   Thumb Code    40  ffixui.o(.text)
    __aeabi_d2uiz                            0x080004fd   Thumb Code    50  dfixui.o(.text)
    __aeabi_f2d                              0x0800052f   Thumb Code    38  f2d.o(.text)
    __aeabi_d2f                              0x08000555   Thumb Code    56  d2f.o(.text)
    __aeabi_uidiv                            0x0800058d   Thumb Code     0  uidiv.o(.text)
    __aeabi_uidivmod                         0x0800058d   Thumb Code    44  uidiv.o(.text)
    __aeabi_uldivmod                         0x080005b9   Thumb Code    98  uldiv.o(.text)
    __I$use$fp                               0x0800061b   Thumb Code     0  iusefp.o(.text)
    _float_round                             0x0800061b   Thumb Code    18  fepilogue.o(.text)
    _float_epilogue                          0x0800062d   Thumb Code    92  fepilogue.o(.text)
    _double_round                            0x08000689   Thumb Code    30  depilogue.o(.text)
    _double_epilogue                         0x080006a7   Thumb Code   156  depilogue.o(.text)
    __aeabi_dadd                             0x08000743   Thumb Code   322  dadd.o(.text)
    __aeabi_dsub                             0x08000885   Thumb Code     6  dadd.o(.text)
    __aeabi_drsub                            0x0800088b   Thumb Code     6  dadd.o(.text)
    __aeabi_ddiv                             0x08000891   Thumb Code   222  ddiv.o(.text)
    __aeabi_d2ulz                            0x0800096f   Thumb Code    48  dfixul.o(.text)
    __aeabi_cdrcmple                         0x080009a1   Thumb Code    48  cdrcmple.o(.text)
    __scatterload                            0x080009d1   Thumb Code    28  init.o(.text)
    __scatterload_rt2                        0x080009d1   Thumb Code     0  init.o(.text)
    __aeabi_llsl                             0x080009f5   Thumb Code    30  llshl.o(.text)
    _ll_shift_l                              0x080009f5   Thumb Code     0  llshl.o(.text)
    __aeabi_lasr                             0x08000a13   Thumb Code    36  llsshr.o(.text)
    _ll_sshift_r                             0x08000a13   Thumb Code     0  llsshr.o(.text)
    __decompress                             0x08000a37   Thumb Code     0  __dczerorl2.o(.text)
    __decompress1                            0x08000a37   Thumb Code    86  __dczerorl2.o(.text)
    ADS1115_Read                             0x08000a8d   Thumb Code    26  ads1115.o(i.ADS1115_Read)
    ADS1115_ReadADC                          0x08000ab1   Thumb Code   116  ads1115.o(i.ADS1115_ReadADC)
    ADS1115_ReadRegisters                    0x08000b25   Thumb Code    78  ads1115.o(i.ADS1115_ReadRegisters)
    ADS1115_WriteRegisters                   0x08000b73   Thumb Code    52  ads1115.o(i.ADS1115_WriteRegisters)
    ARGB_Init                                0x08000ba9   Thumb Code   126  argb.o(i.ARGB_Init)
    ARGB_SetRGB                              0x08000c45   Thumb Code    94  argb.o(i.ARGB_SetRGB)
    ARGB_Show                                0x08000cad   Thumb Code   374  argb.o(i.ARGB_Show)
    BusFault_Handler                         0x0800109d   Thumb Code     2  stm32f1xx_it.o(i.BusFault_Handler)
    CDC_Transmit_FS                          0x080010e5   Thumb Code    38  usbd_cdc_if.o(i.CDC_Transmit_FS)
    DHT_getData                              0x08001111   Thumb Code   522  dht.o(i.DHT_getData)
    DMA1_Channel6_IRQHandler                 0x08001329   Thumb Code     6  stm32f1xx_it.o(i.DMA1_Channel6_IRQHandler)
    DebugMon_Handler                         0x0800135f   Thumb Code     2  stm32f1xx_it.o(i.DebugMon_Handler)
    EXTI9_5_IRQHandler                       0x08001361   Thumb Code     6  stm32f1xx_it.o(i.EXTI9_5_IRQHandler)
    Error_Handler                            0x08001367   Thumb Code     4  main.o(i.Error_Handler)
    HAL_DMA_Abort_IT                         0x0800136d   Thumb Code   148  stm32f1xx_hal_dma.o(i.HAL_DMA_Abort_IT)
    HAL_DMA_IRQHandler                       0x08001405   Thumb Code   316  stm32f1xx_hal_dma.o(i.HAL_DMA_IRQHandler)
    HAL_DMA_Init                             0x08001559   Thumb Code    84  stm32f1xx_hal_dma.o(i.HAL_DMA_Init)
    HAL_DMA_Start_IT                         0x080015b5   Thumb Code   112  stm32f1xx_hal_dma.o(i.HAL_DMA_Start_IT)
    HAL_Delay                                0x08001625   Thumb Code    32  stm32f1xx_hal.o(i.HAL_Delay)
    HAL_GPIO_EXTI_Callback                   0x08001649   Thumb Code    28  main.o(i.HAL_GPIO_EXTI_Callback)
    HAL_GPIO_EXTI_IRQHandler                 0x0800166d   Thumb Code    18  stm32f1xx_hal_gpio.o(i.HAL_GPIO_EXTI_IRQHandler)
    HAL_GPIO_Init                            0x08001685   Thumb Code   446  stm32f1xx_hal_gpio.o(i.HAL_GPIO_Init)
    HAL_GPIO_ReadPin                         0x08001865   Thumb Code    10  stm32f1xx_hal_gpio.o(i.HAL_GPIO_ReadPin)
    HAL_GPIO_WritePin                        0x0800186f   Thumb Code    10  stm32f1xx_hal_gpio.o(i.HAL_GPIO_WritePin)
    HAL_GetTick                              0x08001879   Thumb Code     6  stm32f1xx_hal.o(i.HAL_GetTick)
    HAL_I2C_Init                             0x08001885   Thumb Code   376  stm32f1xx_hal_i2c.o(i.HAL_I2C_Init)
    HAL_I2C_MspInit                          0x08001a0d   Thumb Code    80  stm32f1xx_hal_msp.o(i.HAL_I2C_MspInit)
    HAL_IncTick                              0x08001a69   Thumb Code    12  stm32f1xx_hal.o(i.HAL_IncTick)
    HAL_Init                                 0x08001a79   Thumb Code    32  stm32f1xx_hal.o(i.HAL_Init)
    HAL_InitTick                             0x08001a9d   Thumb Code   132  stm32f1xx_hal_timebase_tim.o(i.HAL_InitTick)
    HAL_MspInit                              0x08001b35   Thumb Code    62  stm32f1xx_hal_msp.o(i.HAL_MspInit)
    HAL_NVIC_EnableIRQ                       0x08001b7d   Thumb Code    26  stm32f1xx_hal_cortex.o(i.HAL_NVIC_EnableIRQ)
    HAL_NVIC_SetPriority                     0x08001b99   Thumb Code    60  stm32f1xx_hal_cortex.o(i.HAL_NVIC_SetPriority)
    HAL_NVIC_SetPriorityGrouping             0x08001bd9   Thumb Code    26  stm32f1xx_hal_cortex.o(i.HAL_NVIC_SetPriorityGrouping)
    HAL_PCDEx_PMAConfig                      0x08001bfd   Thumb Code    60  stm32f1xx_hal_pcd_ex.o(i.HAL_PCDEx_PMAConfig)
    HAL_PCDEx_SetConnectionState             0x08001c39   Thumb Code     2  usbd_conf.o(i.HAL_PCDEx_SetConnectionState)
    HAL_PCD_DataInStageCallback              0x08001c3b   Thumb Code    18  usbd_conf.o(i.HAL_PCD_DataInStageCallback)
    HAL_PCD_DataOutStageCallback             0x08001c4d   Thumb Code    20  usbd_conf.o(i.HAL_PCD_DataOutStageCallback)
    HAL_PCD_EP_Close                         0x08001c61   Thumb Code    76  stm32f1xx_hal_pcd.o(i.HAL_PCD_EP_Close)
    HAL_PCD_EP_ClrStall                      0x08001cad   Thumb Code    92  stm32f1xx_hal_pcd.o(i.HAL_PCD_EP_ClrStall)
    HAL_PCD_EP_GetRxCount                    0x0800211f   Thumb Code    18  stm32f1xx_hal_pcd.o(i.HAL_PCD_EP_GetRxCount)
    HAL_PCD_EP_Open                          0x08002131   Thumb Code    96  stm32f1xx_hal_pcd.o(i.HAL_PCD_EP_Open)
    HAL_PCD_EP_Receive                       0x08002191   Thumb Code    50  stm32f1xx_hal_pcd.o(i.HAL_PCD_EP_Receive)
    HAL_PCD_EP_SetStall                      0x080021c3   Thumb Code   114  stm32f1xx_hal_pcd.o(i.HAL_PCD_EP_SetStall)
    HAL_PCD_EP_Transmit                      0x08002235   Thumb Code    52  stm32f1xx_hal_pcd.o(i.HAL_PCD_EP_Transmit)
    HAL_PCD_IRQHandler                       0x08002269   Thumb Code   340  stm32f1xx_hal_pcd.o(i.HAL_PCD_IRQHandler)
    HAL_PCD_Init                             0x080023bd   Thumb Code   218  stm32f1xx_hal_pcd.o(i.HAL_PCD_Init)
    HAL_PCD_MspInit                          0x08002499   Thumb Code    50  usbd_conf.o(i.HAL_PCD_MspInit)
    HAL_PCD_ResetCallback                    0x080024d5   Thumb Code    38  usbd_conf.o(i.HAL_PCD_ResetCallback)
    HAL_PCD_ResumeCallback                   0x080024fb   Thumb Code     8  usbd_conf.o(i.HAL_PCD_ResumeCallback)
    HAL_PCD_SOFCallback                      0x08002503   Thumb Code     8  usbd_conf.o(i.HAL_PCD_SOFCallback)
    HAL_PCD_SetAddress                       0x0800250b   Thumb Code    40  stm32f1xx_hal_pcd.o(i.HAL_PCD_SetAddress)
    HAL_PCD_SetupStageCallback               0x08002533   Thumb Code    14  usbd_conf.o(i.HAL_PCD_SetupStageCallback)
    HAL_PCD_Start                            0x08002541   Thumb Code    50  stm32f1xx_hal_pcd.o(i.HAL_PCD_Start)
    HAL_PCD_SuspendCallback                  0x08002575   Thumb Code    30  usbd_conf.o(i.HAL_PCD_SuspendCallback)
    HAL_RCCEx_PeriphCLKConfig                0x08002599   Thumb Code   224  stm32f1xx_hal_rcc_ex.o(i.HAL_RCCEx_PeriphCLKConfig)
    HAL_RCC_ClockConfig                      0x08002685   Thumb Code   280  stm32f1xx_hal_rcc.o(i.HAL_RCC_ClockConfig)
    HAL_RCC_GetClockConfig                   0x080027b1   Thumb Code    54  stm32f1xx_hal_rcc.o(i.HAL_RCC_GetClockConfig)
    HAL_RCC_GetPCLK1Freq                     0x080027f1   Thumb Code    20  stm32f1xx_hal_rcc.o(i.HAL_RCC_GetPCLK1Freq)
    HAL_RCC_GetPCLK2Freq                     0x08002811   Thumb Code    20  stm32f1xx_hal_rcc.o(i.HAL_RCC_GetPCLK2Freq)
    HAL_RCC_GetSysClockFreq                  0x08002831   Thumb Code    74  stm32f1xx_hal_rcc.o(i.HAL_RCC_GetSysClockFreq)
    HAL_RCC_OscConfig                        0x0800289d   Thumb Code   778  stm32f1xx_hal_rcc.o(i.HAL_RCC_OscConfig)
    HAL_SPI_Init                             0x08002bbd   Thumb Code   178  stm32f1xx_hal_spi.o(i.HAL_SPI_Init)
    HAL_SPI_MspInit                          0x08002c71   Thumb Code   170  stm32f1xx_hal_msp.o(i.HAL_SPI_MspInit)
    HAL_SPI_Receive                          0x08002d31   Thumb Code   346  stm32f1xx_hal_spi.o(i.HAL_SPI_Receive)
    HAL_SPI_TransmitReceive                  0x08002e8b   Thumb Code   482  stm32f1xx_hal_spi.o(i.HAL_SPI_TransmitReceive)
    HAL_TIMEx_BreakCallback                  0x0800306d   Thumb Code     2  stm32f1xx_hal_tim_ex.o(i.HAL_TIMEx_BreakCallback)
    HAL_TIMEx_CommutCallback                 0x0800306f   Thumb Code     2  stm32f1xx_hal_tim_ex.o(i.HAL_TIMEx_CommutCallback)
    HAL_TIMEx_MasterConfigSynchronization    0x08003071   Thumb Code    92  stm32f1xx_hal_tim_ex.o(i.HAL_TIMEx_MasterConfigSynchronization)
    HAL_TIM_Base_Init                        0x080030d9   Thumb Code    90  stm32f1xx_hal_tim.o(i.HAL_TIM_Base_Init)
    HAL_TIM_Base_MspInit                     0x08003135   Thumb Code   150  stm32f1xx_hal_msp.o(i.HAL_TIM_Base_MspInit)
    HAL_TIM_Base_Start                       0x080031e1   Thumb Code    66  stm32f1xx_hal_tim.o(i.HAL_TIM_Base_Start)
    HAL_TIM_Base_Start_IT                    0x08003231   Thumb Code    76  stm32f1xx_hal_tim.o(i.HAL_TIM_Base_Start_IT)
    HAL_TIM_Base_Stop_IT                     0x08003289   Thumb Code    48  stm32f1xx_hal_tim.o(i.HAL_TIM_Base_Stop_IT)
    HAL_TIM_ConfigClockSource                0x080032b9   Thumb Code   214  stm32f1xx_hal_tim.o(i.HAL_TIM_ConfigClockSource)
    HAL_TIM_ErrorCallback                    0x0800338f   Thumb Code     2  stm32f1xx_hal_tim.o(i.HAL_TIM_ErrorCallback)
    HAL_TIM_IC_CaptureCallback               0x08003391   Thumb Code     2  stm32f1xx_hal_tim.o(i.HAL_TIM_IC_CaptureCallback)
    HAL_TIM_IRQHandler                       0x08003393   Thumb Code   358  stm32f1xx_hal_tim.o(i.HAL_TIM_IRQHandler)
    HAL_TIM_MspPostInit                      0x080034f9   Thumb Code    82  stm32f1xx_hal_msp.o(i.HAL_TIM_MspPostInit)
    HAL_TIM_OC_DelayElapsedCallback          0x0800355d   Thumb Code     2  stm32f1xx_hal_tim.o(i.HAL_TIM_OC_DelayElapsedCallback)
    HAL_TIM_PWM_ConfigChannel                0x0800355f   Thumb Code   198  stm32f1xx_hal_tim.o(i.HAL_TIM_PWM_ConfigChannel)
    HAL_TIM_PWM_Init                         0x08003625   Thumb Code    90  stm32f1xx_hal_tim.o(i.HAL_TIM_PWM_Init)
    HAL_TIM_PWM_MspInit                      0x0800367f   Thumb Code     2  stm32f1xx_hal_tim.o(i.HAL_TIM_PWM_MspInit)
    HAL_TIM_PWM_PulseFinishedCallback        0x08003681   Thumb Code     2  stm32f1xx_hal_tim.o(i.HAL_TIM_PWM_PulseFinishedCallback)
    HAL_TIM_PeriodElapsedCallback            0x08003685   Thumb Code    62  main.o(i.HAL_TIM_PeriodElapsedCallback)
    HAL_TIM_TriggerCallback                  0x080036d5   Thumb Code     2  stm32f1xx_hal_tim.o(i.HAL_TIM_TriggerCallback)
    HAL_UART_Init                            0x080036d7   Thumb Code    98  stm32f1xx_hal_uart.o(i.HAL_UART_Init)
    HAL_UART_MspInit                         0x08003739   Thumb Code    98  stm32f1xx_hal_msp.o(i.HAL_UART_MspInit)
    HAL_UART_Transmit                        0x080037a9   Thumb Code   178  stm32f1xx_hal_uart.o(i.HAL_UART_Transmit)
    HardFault_Handler                        0x0800385b   Thumb Code     2  stm32f1xx_it.o(i.HardFault_Handler)
    I2C1_Init                                0x0800385d   Thumb Code   170  i2c.o(i.I2C1_Init)
    I2C1_ReceiveData                         0x08003925   Thumb Code    60  i2c.o(i.I2C1_ReceiveData)
    I2C1_SendAddress                         0x08003965   Thumb Code    98  i2c.o(i.I2C1_SendAddress)
    I2C1_SendData                            0x080039d1   Thumb Code    40  i2c.o(i.I2C1_SendData)
    I2C1_Start                               0x080039fd   Thumb Code    36  i2c.o(i.I2C1_Start)
    I2C1_Stop                                0x08003a25   Thumb Code    22  i2c.o(i.I2C1_Stop)
    MX_USB_DEVICE_Init                       0x08003d45   Thumb Code    66  usb_device.o(i.MX_USB_DEVICE_Init)
    Max6675_Read_Temp                        0x08003d99   Thumb Code    76  max6675.o(i.Max6675_Read_Temp)
    MemManage_Handler                        0x08003df1   Thumb Code     2  stm32f1xx_it.o(i.MemManage_Handler)
    NMI_Handler                              0x08003df3   Thumb Code     2  stm32f1xx_it.o(i.NMI_Handler)
    SDTimer_Handler                          0x08004109   Thumb Code    26  stm32f1xx_it.o(i.SDTimer_Handler)
    ST7920_Init                              0x0800425d   Thumb Code   128  st7920_serial.o(i.ST7920_Init)
    ST7920_SendCmd                           0x080042e1   Thumb Code    60  st7920_serial.o(i.ST7920_SendCmd)
    ST7920_SendData                          0x08004321   Thumb Code    60  st7920_serial.o(i.ST7920_SendData)
    ST7920_SendString                        0x08004361   Thumb Code    62  st7920_serial.o(i.ST7920_SendString)
    SendByteSPI                              0x080043a1   Thumb Code    68  st7920_serial.o(i.SendByteSPI)
    StartADCTask                             0x080043e9   Thumb Code    38  main.o(i.StartADCTask)
    StartCalcTask                            0x08004415   Thumb Code    66  main.o(i.StartCalcTask)
    StartDHTTask                             0x0800446d   Thumb Code    46  main.o(i.StartDHTTask)
    StartDefaultTask                         0x080044a1   Thumb Code    12  main.o(i.StartDefaultTask)
    StartDispTask                            0x080044ad   Thumb Code   148  main.o(i.StartDispTask)
    StartKBTask                              0x08004591   Thumb Code    12  main.o(i.StartKBTask)
    StartLedTask                             0x0800459d   Thumb Code    46  main.o(i.StartLedTask)
    StartSDCTask                             0x080045d1   Thumb Code   118  main.o(i.StartSDCTask)
    StartTCTask                              0x0800467d   Thumb Code    22  main.o(i.StartTCTask)
    SysTick_Handler                          0x08004699   Thumb Code    38  port.o(i.SysTick_Handler)
    SystemClock_Config                       0x080046c5   Thumb Code   118  main.o(i.SystemClock_Config)
    SystemInit                               0x0800473b   Thumb Code     2  system_stm32f1xx.o(i.SystemInit)
    TIM2_IRQHandler                          0x0800473d   Thumb Code     6  stm32f1xx_it.o(i.TIM2_IRQHandler)
    TIM4_IRQHandler                          0x08004749   Thumb Code    34  stm32f1xx_it.o(i.TIM4_IRQHandler)
    TIM_Base_SetConfig                       0x08004775   Thumb Code    94  stm32f1xx_hal_tim.o(i.TIM_Base_SetConfig)
    TIM_CCxChannelCmd                        0x080047e1   Thumb Code    26  stm32f1xx_hal_tim.o(i.TIM_CCxChannelCmd)
    TIM_DMAError                             0x080047fb   Thumb Code    84  stm32f1xx_hal_tim.o(i.TIM_DMAError)
    TIM_ETR_SetConfig                        0x0800484f   Thumb Code    20  stm32f1xx_hal_tim.o(i.TIM_ETR_SetConfig)
    TIM_OC2_SetConfig                        0x080048c5   Thumb Code    84  stm32f1xx_hal_tim.o(i.TIM_OC2_SetConfig)
    USBD_CDC_GetDeviceQualifierDescriptor    0x08004bf9   Thumb Code     8  usbd_cdc.o(i.USBD_CDC_GetDeviceQualifierDescriptor)
    USBD_CDC_ReceivePacket                   0x08004cbd   Thumb Code    40  usbd_cdc.o(i.USBD_CDC_ReceivePacket)
    USBD_CDC_RegisterInterface               0x08004ce5   Thumb Code    16  usbd_cdc.o(i.USBD_CDC_RegisterInterface)
    USBD_CDC_SetRxBuffer                     0x08004cf5   Thumb Code    12  usbd_cdc.o(i.USBD_CDC_SetRxBuffer)
    USBD_CDC_SetTxBuffer                     0x08004d01   Thumb Code    16  usbd_cdc.o(i.USBD_CDC_SetTxBuffer)
    USBD_CDC_TransmitPacket                  0x08004dbd   Thumb Code    54  usbd_cdc.o(i.USBD_CDC_TransmitPacket)
    USBD_ClrClassConfig                      0x08004df3   Thumb Code    14  usbd_core.o(i.USBD_ClrClassConfig)
    USBD_CtlContinueRx                       0x08004e01   Thumb Code    16  usbd_ioreq.o(i.USBD_CtlContinueRx)
    USBD_CtlContinueSendData                 0x08004e11   Thumb Code    16  usbd_ioreq.o(i.USBD_CtlContinueSendData)
    USBD_CtlError                            0x08004e21   Thumb Code    22  usbd_ctlreq.o(i.USBD_CtlError)
    USBD_CtlPrepareRx                        0x08004e37   Thumb Code    30  usbd_ioreq.o(i.USBD_CtlPrepareRx)
    USBD_CtlReceiveStatus                    0x08004e55   Thumb Code    22  usbd_ioreq.o(i.USBD_CtlReceiveStatus)
    USBD_CtlSendData                         0x08004e6b   Thumb Code    26  usbd_ioreq.o(i.USBD_CtlSendData)
    USBD_CtlSendStatus                       0x08004e85   Thumb Code    22  usbd_ioreq.o(i.USBD_CtlSendStatus)
    USBD_FS_ConfigStrDescriptor              0x08004e9d   Thumb Code    16  usbd_desc.o(i.USBD_FS_ConfigStrDescriptor)
    USBD_FS_DeviceDescriptor                 0x08004ebd   Thumb Code     8  usbd_desc.o(i.USBD_FS_DeviceDescriptor)
    USBD_FS_InterfaceStrDescriptor           0x08004ec9   Thumb Code    16  usbd_desc.o(i.USBD_FS_InterfaceStrDescriptor)
    USBD_FS_LangIDStrDescriptor              0x08004eed   Thumb Code     8  usbd_desc.o(i.USBD_FS_LangIDStrDescriptor)
    USBD_FS_ManufacturerStrDescriptor        0x08004ef9   Thumb Code    16  usbd_desc.o(i.USBD_FS_ManufacturerStrDescriptor)
    USBD_FS_ProductStrDescriptor             0x08004f21   Thumb Code    16  usbd_desc.o(i.USBD_FS_ProductStrDescriptor)
    USBD_FS_SerialStrDescriptor              0x08004f4d   Thumb Code    48  usbd_desc.o(i.USBD_FS_SerialStrDescriptor)
    USBD_GetString                           0x0800506d   Thumb Code    72  usbd_ctlreq.o(i.USBD_GetString)
    USBD_Init                                0x080050cd   Thumb Code    42  usbd_core.o(i.USBD_Init)
    USBD_LL_ClearStallEP                     0x080050f7   Thumb Code    18  usbd_conf.o(i.USBD_LL_ClearStallEP)
    USBD_LL_CloseEP                          0x08005109   Thumb Code    18  usbd_conf.o(i.USBD_LL_CloseEP)
    USBD_LL_DataInStage                      0x0800511b   Thumb Code   198  usbd_core.o(i.USBD_LL_DataInStage)
    USBD_LL_DataOutStage                     0x080051e1   Thumb Code   130  usbd_core.o(i.USBD_LL_DataOutStage)
    USBD_LL_GetRxDataSize                    0x08005263   Thumb Code     8  usbd_conf.o(i.USBD_LL_GetRxDataSize)
    USBD_LL_Init                             0x0800526d   Thumb Code   118  usbd_conf.o(i.USBD_LL_Init)
    USBD_LL_IsStallEP                        0x080052ed   Thumb Code    32  usbd_conf.o(i.USBD_LL_IsStallEP)
    USBD_LL_OpenEP                           0x0800530d   Thumb Code    24  usbd_conf.o(i.USBD_LL_OpenEP)
    USBD_LL_PrepareReceive                   0x08005325   Thumb Code    18  usbd_conf.o(i.USBD_LL_PrepareReceive)
    USBD_LL_Reset                            0x08005337   Thumb Code    80  usbd_core.o(i.USBD_LL_Reset)
    USBD_LL_Resume                           0x08005387   Thumb Code    20  usbd_core.o(i.USBD_LL_Resume)
    USBD_LL_SOF                              0x0800539b   Thumb Code    24  usbd_core.o(i.USBD_LL_SOF)
    USBD_LL_SetSpeed                         0x080053b3   Thumb Code     6  usbd_core.o(i.USBD_LL_SetSpeed)
    USBD_LL_SetUSBAddress                    0x080053b9   Thumb Code    18  usbd_conf.o(i.USBD_LL_SetUSBAddress)
    USBD_LL_SetupStage                       0x080053cb   Thumb Code    90  usbd_core.o(i.USBD_LL_SetupStage)
    USBD_LL_StallEP                          0x08005425   Thumb Code    18  usbd_conf.o(i.USBD_LL_StallEP)
    USBD_LL_Start                            0x08005437   Thumb Code    18  usbd_conf.o(i.USBD_LL_Start)
    USBD_LL_Suspend                          0x08005449   Thumb Code    18  usbd_core.o(i.USBD_LL_Suspend)
    USBD_LL_Transmit                         0x0800545b   Thumb Code    18  usbd_conf.o(i.USBD_LL_Transmit)
    USBD_ParseSetupRequest                   0x0800546d   Thumb Code    40  usbd_ctlreq.o(i.USBD_ParseSetupRequest)
    USBD_RegisterClass                       0x08005495   Thumb Code    16  usbd_core.o(i.USBD_RegisterClass)
    USBD_SetClassConfig                      0x080054a5   Thumb Code    22  usbd_core.o(i.USBD_SetClassConfig)
    USBD_Start                               0x08005541   Thumb Code    10  usbd_core.o(i.USBD_Start)
    USBD_StdDevReq                           0x0800554b   Thumb Code   274  usbd_ctlreq.o(i.USBD_StdDevReq)
    USBD_StdEPReq                            0x0800565d   Thumb Code   336  usbd_ctlreq.o(i.USBD_StdEPReq)
    USBD_StdItfReq                           0x080057ad   Thumb Code    78  usbd_ctlreq.o(i.USBD_StdItfReq)
    USBD_static_free                         0x080057fb   Thumb Code     2  usbd_conf.o(i.USBD_static_free)
    USBD_static_malloc                       0x080057fd   Thumb Code     4  usbd_conf.o(i.USBD_static_malloc)
    USB_ActivateEndpoint                     0x08005805   Thumb Code   600  stm32f1xx_ll_usb.o(i.USB_ActivateEndpoint)
    USB_CoreInit                             0x08005a5d   Thumb Code     4  stm32f1xx_ll_usb.o(i.USB_CoreInit)
    USB_DeactivateEndpoint                   0x08005a61   Thumb Code   270  stm32f1xx_ll_usb.o(i.USB_DeactivateEndpoint)
    USB_DevConnect                           0x08005b6f   Thumb Code     4  stm32f1xx_ll_usb.o(i.USB_DevConnect)
    USB_DevDisconnect                        0x08005b73   Thumb Code     4  stm32f1xx_ll_usb.o(i.USB_DevDisconnect)
    USB_DevInit                              0x08005b77   Thumb Code    18  stm32f1xx_ll_usb.o(i.USB_DevInit)
    USB_DisableGlobalInt                     0x08005b89   Thumb Code    14  stm32f1xx_ll_usb.o(i.USB_DisableGlobalInt)
    USB_EP0_OutStart                         0x08005b97   Thumb Code     4  stm32f1xx_ll_usb.o(i.USB_EP0_OutStart)
    USB_EPClearStall                         0x08005b9b   Thumb Code   120  stm32f1xx_ll_usb.o(i.USB_EPClearStall)
    USB_EPSetStall                           0x08005c13   Thumb Code    50  stm32f1xx_ll_usb.o(i.USB_EPSetStall)
    USB_EPStartXfer                          0x08005c45   Thumb Code  1548  stm32f1xx_ll_usb.o(i.USB_EPStartXfer)
    USB_EnableGlobalInt                      0x08006251   Thumb Code    18  stm32f1xx_ll_usb.o(i.USB_EnableGlobalInt)
    USB_LP_CAN1_RX0_IRQHandler               0x08006265   Thumb Code     6  stm32f1xx_it.o(i.USB_LP_CAN1_RX0_IRQHandler)
    USB_ReadInterrupts                       0x08006271   Thumb Code     6  stm32f1xx_ll_usb.o(i.USB_ReadInterrupts)
    USB_ReadPMA                              0x08006279   Thumb Code    44  stm32f1xx_ll_usb.o(i.USB_ReadPMA)
    USB_SetCurrentMode                       0x080062a5   Thumb Code     4  stm32f1xx_ll_usb.o(i.USB_SetCurrentMode)
    USB_SetDevAddress                        0x080062a9   Thumb Code    12  stm32f1xx_ll_usb.o(i.USB_SetDevAddress)
    USB_WritePMA                             0x080062b5   Thumb Code    38  stm32f1xx_ll_usb.o(i.USB_WritePMA)
    UsageFault_Handler                       0x080062db   Thumb Code     2  stm32f1xx_it.o(i.UsageFault_Handler)
    __0sprintf                               0x080062dd   Thumb Code    34  printfa.o(i.__0sprintf)
    __1sprintf                               0x080062dd   Thumb Code     0  printfa.o(i.__0sprintf)
    __2sprintf                               0x080062dd   Thumb Code     0  printfa.o(i.__0sprintf)
    __c89sprintf                             0x080062dd   Thumb Code     0  printfa.o(i.__0sprintf)
    sprintf                                  0x080062dd   Thumb Code     0  printfa.o(i.__0sprintf)
    __scatterload_copy                       0x08006325   Thumb Code    14  handlers.o(i.__scatterload_copy)
    __scatterload_null                       0x08006333   Thumb Code     2  handlers.o(i.__scatterload_null)
    __scatterload_zeroinit                   0x08006335   Thumb Code    14  handlers.o(i.__scatterload_zeroinit)
    delay_init                               0x08006c01   Thumb Code     6  delay.o(i.delay_init)
    delay_us                                 0x08006c0d   Thumb Code    18  delay.o(i.delay_us)
    main                                     0x08006c25   Thumb Code   432  main.o(i.main)
    osDelay                                  0x08006e21   Thumb Code    14  cmsis_os.o(i.osDelay)
    osKernelStart                            0x08006e2f   Thumb Code    10  cmsis_os.o(i.osKernelStart)
    osThreadCreate                           0x08006e39   Thumb Code    84  cmsis_os.o(i.osThreadCreate)
    pvPortMalloc                             0x080071d1   Thumb Code   210  heap_4.o(i.pvPortMalloc)
    pxPortInitialiseStack                    0x080072a9   Thumb Code    32  port.o(i.pxPortInitialiseStack)
    uxListRemove                             0x080072cd   Thumb Code    38  list.o(i.uxListRemove)
    vApplicationGetIdleTaskMemory            0x080072f5   Thumb Code    16  freertos.o(i.vApplicationGetIdleTaskMemory)
    vListInitialise                          0x08007309   Thumb Code    22  list.o(i.vListInitialise)
    vListInitialiseItem                      0x0800731f   Thumb Code     6  list.o(i.vListInitialiseItem)
    vListInsert                              0x08007325   Thumb Code    48  list.o(i.vListInsert)
    vListInsertEnd                           0x08007355   Thumb Code    24  list.o(i.vListInsertEnd)
    vPortEnterCritical                       0x0800736d   Thumb Code    54  port.o(i.vPortEnterCritical)
    vPortExitCritical                        0x080073ad   Thumb Code    34  port.o(i.vPortExitCritical)
    vPortFree                                0x080073d5   Thumb Code    88  heap_4.o(i.vPortFree)
    vPortSetupTimerInterrupt                 0x08007431   Thumb Code    32  port.o(i.vPortSetupTimerInterrupt)
    vTaskDelay                               0x08007455   Thumb Code    66  tasks.o(i.vTaskDelay)
    vTaskStartScheduler                      0x080074a1   Thumb Code    90  tasks.o(i.vTaskStartScheduler)
    vTaskSuspendAll                          0x0800750d   Thumb Code    10  tasks.o(i.vTaskSuspendAll)
    vTaskSwitchContext                       0x0800751d   Thumb Code    82  tasks.o(i.vTaskSwitchContext)
    xPortStartScheduler                      0x08007579   Thumb Code   154  port.o(i.xPortStartScheduler)
    xTaskCreate                              0x08007621   Thumb Code    90  tasks.o(i.xTaskCreate)
    xTaskCreateStatic                        0x0800767b   Thumb Code    86  tasks.o(i.xTaskCreateStatic)
    xTaskIncrementTick                       0x080076d1   Thumb Code   192  tasks.o(i.xTaskIncrementTick)
    xTaskResumeAll                           0x08007799   Thumb Code   182  tasks.o(i.xTaskResumeAll)
    AHBPrescTable                            0x08007960   Data          16  system_stm32f1xx.o(.constdata)
    APBPrescTable                            0x08007970   Data           8  system_stm32f1xx.o(.constdata)
    Region$$Table$$Base                      0x080079cc   Number         0  anon$$obj.o(Region$$Table)
    Region$$Table$$Limit                     0x080079ec   Number         0  anon$$obj.o(Region$$Table)
    TCF                                      0x20000000   Data           1  max6675.o(.data)
    DATARX                                   0x20000001   Data           2  max6675.o(.data)
    ARGB_BR                                  0x20000004   Data           1  argb.o(.data)
    PWM_HI                                   0x20000005   Data           1  argb.o(.data)
    PWM_LO                                   0x20000006   Data           1  argb.o(.data)
    ARGB_LOC_ST                              0x20000007   Data           1  argb.o(.data)
    BUF_COUNTER                              0x20000008   Data           2  argb.o(.data)
    SDst                                     0x2000000c   Data           1  main.o(.data)
    state                                    0x2000000d   Data           1  main.o(.data)
    REC                                      0x2000000e   Data           1  main.o(.data)
    defaultTaskHandle                        0x20000010   Data           4  main.o(.data)
    LedTaskHandle                            0x20000014   Data           4  main.o(.data)
    DispTaskHandle                           0x20000018   Data           4  main.o(.data)
    TCTaskHandle                             0x2000001c   Data           4  main.o(.data)
    ADCTaskHandle                            0x20000020   Data           4  main.o(.data)
    DHTTaskHandle                            0x20000024   Data           4  main.o(.data)
    SDCTaskHandle                            0x20000028   Data           4  main.o(.data)
    CalcTaskHandle                           0x2000002c   Data           4  main.o(.data)
    KBTaskHandle                             0x20000030   Data           4  main.o(.data)
    Volt                                     0x20000034   Data           4  main.o(.data)
    Curr                                     0x20000038   Data           4  main.o(.data)
    TCtemp                                   0x2000003c   Data           4  main.o(.data)
    ambT                                     0x20000040   Data           4  main.o(.data)
    ambRH                                    0x20000044   Data           4  main.o(.data)
    FatFsCnt                                 0x2000005c   Data           1  stm32f1xx_it.o(.data)
    Timer1                                   0x2000005d   Data           1  stm32f1xx_it.o(.data)
    Timer2                                   0x2000005e   Data           1  stm32f1xx_it.o(.data)
    uwTickFreq                               0x20000060   Data           1  stm32f1xx_hal.o(.data)
    uwTickPrio                               0x20000064   Data           4  stm32f1xx_hal.o(.data)
    uwTick                                   0x20000068   Data           4  stm32f1xx_hal.o(.data)
    SystemCoreClock                          0x2000006c   Data           4  system_stm32f1xx.o(.data)
    pxCurrentTCB                             0x20000070   Data           4  tasks.o(.data)
    FS_Desc                                  0x200000d0   Data          28  usbd_desc.o(.data)
    USBD_LangIDDesc                          0x200000ec   Data           4  usbd_desc.o(.data)
    USBD_FS_DeviceDesc                       0x200000f0   Data          18  usbd_desc.o(.data)
    USBD_StringSerial                        0x20000104   Data          26  usbd_desc.o(.data)
    USBD_Interface_fops_FS                   0x20000120   Data          16  usbd_cdc_if.o(.data)
    USBD_CDC_CfgHSDesc                       0x20000140   Data          67  usbd_cdc.o(.data)
    USBD_CDC_CfgFSDesc                       0x20000184   Data          67  usbd_cdc.o(.data)
    USBD_CDC_OtherSpeedCfgDesc               0x200001c8   Data          67  usbd_cdc.o(.data)
    USBD_CDC                                 0x2000020c   Data          56  usbd_cdc.o(.data)
    RGB_BUF                                  0x20000244   Data          15  argb.o(.bss)
    PWM_BUF                                  0x20000254   Data         192  argb.o(.bss)
    hi2c1                                    0x20000314   Data          84  main.o(.bss)
    hspi1                                    0x20000368   Data          88  main.o(.bss)
    hspi2                                    0x200003c0   Data          88  main.o(.bss)
    htim1                                    0x20000418   Data          72  main.o(.bss)
    htim2                                    0x20000460   Data          72  main.o(.bss)
    htim3                                    0x200004a8   Data          72  main.o(.bss)
    huart2                                   0x200004f0   Data          68  main.o(.bss)
    adc                                      0x20000534   Data          16  main.o(.bss)
    SDMSG                                    0x20000544   Data          64  main.o(.bss)
    msg3                                     0x20000584   Data          16  main.o(.bss)
    msg2                                     0x20000594   Data          16  main.o(.bss)
    msg1                                     0x200005a4   Data          16  main.o(.bss)
    msg0                                     0x200005b4   Data          16  main.o(.bss)
    hdma_tim3_ch1_trig                       0x200005c4   Data          68  main.o(.bss)
    htim4                                    0x2000085c   Data          72  stm32f1xx_hal_timebase_tim.o(.bss)
    hUsbDeviceFS                             0x20002194   Data         708  usb_device.o(.bss)
    USBD_StrDesc                             0x20002458   Data         512  usbd_desc.o(.bss)
    UserRxBufferFS                           0x20002658   Data        1000  usbd_cdc_if.o(.bss)
    UserTxBufferFS                           0x20002a40   Data        1000  usbd_cdc_if.o(.bss)
    hpcd_USB_FS                              0x20003048   Data         748  usbd_conf.o(.bss)
    __initial_sp                             0x20004938   Data           0  startup_stm32f103xb.o(STACK)



==============================================================================

Memory Map of the image

  Image Entry point : 0x080000ed

  Load Region LR_IROM1 (Base: 0x08000000, Size: 0x00007c30, Max: 0x00200000, ABSOLUTE, COMPRESSED[0x00007abc])

    Execution Region ER_IROM1 (Exec base: 0x08000000, Load base: 0x08000000, Size: 0x000079ec, Max: 0x00200000, ABSOLUTE)

    Exec Addr    Load Addr    Size         Type   Attr      Idx    E Section Name        Object

    0x08000000   0x08000000   0x000000ec   Data   RO            3    RESET               startup_stm32f103xb.o
    0x080000ec   0x080000ec   0x00000000   Code   RO         6646  * .ARM.Collect$$$$00000000  mc_w.l(entry.o)
    0x080000ec   0x080000ec   0x00000004   Code   RO         6946    .ARM.Collect$$$$00000001  mc_w.l(entry2.o)
    0x080000f0   0x080000f0   0x00000004   Code   RO         6949    .ARM.Collect$$$$00000004  mc_w.l(entry5.o)
    0x080000f4   0x080000f4   0x00000000   Code   RO         6951    .ARM.Collect$$$$00000008  mc_w.l(entry7b.o)
    0x080000f4   0x080000f4   0x00000000   Code   RO         6953    .ARM.Collect$$$$0000000A  mc_w.l(entry8b.o)
    0x080000f4   0x080000f4   0x00000008   Code   RO         6954    .ARM.Collect$$$$0000000B  mc_w.l(entry9a.o)
    0x080000fc   0x080000fc   0x00000000   Code   RO         6956    .ARM.Collect$$$$0000000D  mc_w.l(entry10a.o)
    0x080000fc   0x080000fc   0x00000000   Code   RO         6958    .ARM.Collect$$$$0000000F  mc_w.l(entry11a.o)
    0x080000fc   0x080000fc   0x00000004   Code   RO         6947    .ARM.Collect$$$$00002712  mc_w.l(entry2.o)
    0x08000100   0x08000100   0x00000096   Code   RO         5815    .emb_text           port.o
    0x08000196   0x08000196   0x00000002   PAD
    0x08000198   0x08000198   0x00000024   Code   RO            4    .text               startup_stm32f103xb.o
    0x080001bc   0x080001bc   0x00000020   Code   RO         6649    .text               mc_w.l(llushr.o)
    0x080001dc   0x080001dc   0x00000024   Code   RO         6651    .text               mc_w.l(memcpya.o)
    0x08000200   0x08000200   0x00000024   Code   RO         6655    .text               mc_w.l(memseta.o)
    0x08000224   0x08000224   0x000000b0   Code   RO         6920    .text               mf_w.l(fadd.o)
    0x080002d4   0x080002d4   0x00000064   Code   RO         6922    .text               mf_w.l(fmul.o)
    0x08000338   0x08000338   0x0000007c   Code   RO         6924    .text               mf_w.l(fdiv.o)
    0x080003b4   0x080003b4   0x00000018   Code   RO         6926    .text               mf_w.l(fscalb.o)
    0x080003cc   0x080003cc   0x000000e4   Code   RO         6928    .text               mf_w.l(dmul.o)
    0x080004b0   0x080004b0   0x0000000a   Code   RO         6932    .text               mf_w.l(ffltui.o)
    0x080004ba   0x080004ba   0x0000001a   Code   RO         6934    .text               mf_w.l(dfltui.o)
    0x080004d4   0x080004d4   0x00000028   Code   RO         6938    .text               mf_w.l(ffixui.o)
    0x080004fc   0x080004fc   0x00000032   Code   RO         6940    .text               mf_w.l(dfixui.o)
    0x0800052e   0x0800052e   0x00000026   Code   RO         6942    .text               mf_w.l(f2d.o)
    0x08000554   0x08000554   0x00000038   Code   RO         6944    .text               mf_w.l(d2f.o)
    0x0800058c   0x0800058c   0x0000002c   Code   RO         6963    .text               mc_w.l(uidiv.o)
    0x080005b8   0x080005b8   0x00000062   Code   RO         6965    .text               mc_w.l(uldiv.o)
    0x0800061a   0x0800061a   0x00000000   Code   RO         6967    .text               mc_w.l(iusefp.o)
    0x0800061a   0x0800061a   0x0000006e   Code   RO         6968    .text               mf_w.l(fepilogue.o)
    0x08000688   0x08000688   0x000000ba   Code   RO         6970    .text               mf_w.l(depilogue.o)
    0x08000742   0x08000742   0x0000014e   Code   RO         6972    .text               mf_w.l(dadd.o)
    0x08000890   0x08000890   0x000000de   Code   RO         6974    .text               mf_w.l(ddiv.o)
    0x0800096e   0x0800096e   0x00000030   Code   RO         6976    .text               mf_w.l(dfixul.o)
    0x0800099e   0x0800099e   0x00000002   PAD
    0x080009a0   0x080009a0   0x00000030   Code   RO         6978    .text               mf_w.l(cdrcmple.o)
    0x080009d0   0x080009d0   0x00000024   Code   RO         6980    .text               mc_w.l(init.o)
    0x080009f4   0x080009f4   0x0000001e   Code   RO         6983    .text               mc_w.l(llshl.o)
    0x08000a12   0x08000a12   0x00000024   Code   RO         6985    .text               mc_w.l(llsshr.o)
    0x08000a36   0x08000a36   0x00000056   Code   RO         6996    .text               mc_w.l(__dczerorl2.o)
    0x08000a8c   0x08000a8c   0x00000024   Code   RO          345    i.ADS1115_Read      ads1115.o
    0x08000ab0   0x08000ab0   0x00000074   Code   RO          346    i.ADS1115_ReadADC   ads1115.o
    0x08000b24   0x08000b24   0x0000004e   Code   RO          347    i.ADS1115_ReadRegisters  ads1115.o
    0x08000b72   0x08000b72   0x00000034   Code   RO          348    i.ADS1115_WriteRegisters  ads1115.o
    0x08000ba6   0x08000ba6   0x00000002   PAD
    0x08000ba8   0x08000ba8   0x0000009c   Code   RO          456    i.ARGB_Init         argb.o
    0x08000c44   0x08000c44   0x00000068   Code   RO          460    i.ARGB_SetRGB       argb.o
    0x08000cac   0x08000cac   0x000001a0   Code   RO          462    i.ARGB_Show         argb.o
    0x08000e4c   0x08000e4c   0x00000180   Code   RO          463    i.ARGB_TIM_DMADelayPulseCplt  argb.o
    0x08000fcc   0x08000fcc   0x000000d0   Code   RO          464    i.ARGB_TIM_DMADelayPulseHalfCplt  argb.o
    0x0800109c   0x0800109c   0x00000002   Code   RO          827    i.BusFault_Handler  stm32f1xx_it.o
    0x0800109e   0x0800109e   0x00000004   Code   RO         6012    i.CDC_Control_FS    usbd_cdc_if.o
    0x080010a2   0x080010a2   0x00000004   Code   RO         6013    i.CDC_DeInit_FS     usbd_cdc_if.o
    0x080010a6   0x080010a6   0x00000002   PAD
    0x080010a8   0x080010a8   0x00000024   Code   RO         6014    i.CDC_Init_FS       usbd_cdc_if.o
    0x080010cc   0x080010cc   0x00000018   Code   RO         6015    i.CDC_Receive_FS    usbd_cdc_if.o
    0x080010e4   0x080010e4   0x0000002c   Code   RO         6016    i.CDC_Transmit_FS   usbd_cdc_if.o
    0x08001110   0x08001110   0x00000218   Code   RO           13    i.DHT_getData       dht.o
    0x08001328   0x08001328   0x0000000c   Code   RO          828    i.DMA1_Channel6_IRQHandler  stm32f1xx_it.o
    0x08001334   0x08001334   0x0000002a   Code   RO         1909    i.DMA_SetConfig     stm32f1xx_hal_dma.o
    0x0800135e   0x0800135e   0x00000002   Code   RO          829    i.DebugMon_Handler  stm32f1xx_it.o
    0x08001360   0x08001360   0x00000006   Code   RO          830    i.EXTI9_5_IRQHandler  stm32f1xx_it.o
    0x08001366   0x08001366   0x00000004   Code   RO          577    i.Error_Handler     main.o
    0x0800136a   0x0800136a   0x00000002   PAD
    0x0800136c   0x0800136c   0x00000098   Code   RO         1911    i.HAL_DMA_Abort_IT  stm32f1xx_hal_dma.o
    0x08001404   0x08001404   0x00000154   Code   RO         1915    i.HAL_DMA_IRQHandler  stm32f1xx_hal_dma.o
    0x08001558   0x08001558   0x0000005c   Code   RO         1916    i.HAL_DMA_Init      stm32f1xx_hal_dma.o
    0x080015b4   0x080015b4   0x00000070   Code   RO         1920    i.HAL_DMA_Start_IT  stm32f1xx_hal_dma.o
    0x08001624   0x08001624   0x00000024   Code   RO         1538    i.HAL_Delay         stm32f1xx_hal.o
    0x08001648   0x08001648   0x00000024   Code   RO          578    i.HAL_GPIO_EXTI_Callback  main.o
    0x0800166c   0x0800166c   0x00000018   Code   RO         1845    i.HAL_GPIO_EXTI_IRQHandler  stm32f1xx_hal_gpio.o
    0x08001684   0x08001684   0x000001e0   Code   RO         1846    i.HAL_GPIO_Init     stm32f1xx_hal_gpio.o
    0x08001864   0x08001864   0x0000000a   Code   RO         1848    i.HAL_GPIO_ReadPin  stm32f1xx_hal_gpio.o
    0x0800186e   0x0800186e   0x0000000a   Code   RO         1850    i.HAL_GPIO_WritePin  stm32f1xx_hal_gpio.o
    0x08001878   0x08001878   0x0000000c   Code   RO         1542    i.HAL_GetTick       stm32f1xx_hal.o
    0x08001884   0x08001884   0x00000188   Code   RO         2517    i.HAL_I2C_Init      stm32f1xx_hal_i2c.o
    0x08001a0c   0x08001a0c   0x0000005c   Code   RO          925    i.HAL_I2C_MspInit   stm32f1xx_hal_msp.o
    0x08001a68   0x08001a68   0x00000010   Code   RO         1548    i.HAL_IncTick       stm32f1xx_hal.o
    0x08001a78   0x08001a78   0x00000024   Code   RO         1549    i.HAL_Init          stm32f1xx_hal.o
    0x08001a9c   0x08001a9c   0x00000098   Code   RO         1003    i.HAL_InitTick      stm32f1xx_hal_timebase_tim.o
    0x08001b34   0x08001b34   0x00000048   Code   RO          926    i.HAL_MspInit       stm32f1xx_hal_msp.o
    0x08001b7c   0x08001b7c   0x0000001a   Code   RO         2006    i.HAL_NVIC_EnableIRQ  stm32f1xx_hal_cortex.o
    0x08001b96   0x08001b96   0x00000002   PAD
    0x08001b98   0x08001b98   0x00000040   Code   RO         2012    i.HAL_NVIC_SetPriority  stm32f1xx_hal_cortex.o
    0x08001bd8   0x08001bd8   0x00000024   Code   RO         2013    i.HAL_NVIC_SetPriorityGrouping  stm32f1xx_hal_cortex.o
    0x08001bfc   0x08001bfc   0x0000003c   Code   RO         1311    i.HAL_PCDEx_PMAConfig  stm32f1xx_hal_pcd_ex.o
    0x08001c38   0x08001c38   0x00000002   Code   RO         6064    i.HAL_PCDEx_SetConnectionState  usbd_conf.o
    0x08001c3a   0x08001c3a   0x00000012   Code   RO         6066    i.HAL_PCD_DataInStageCallback  usbd_conf.o
    0x08001c4c   0x08001c4c   0x00000014   Code   RO         6067    i.HAL_PCD_DataOutStageCallback  usbd_conf.o
    0x08001c60   0x08001c60   0x0000004c   Code   RO         1087    i.HAL_PCD_EP_Close  stm32f1xx_hal_pcd.o
    0x08001cac   0x08001cac   0x0000005c   Code   RO         1088    i.HAL_PCD_EP_ClrStall  stm32f1xx_hal_pcd.o
    0x08001d08   0x08001d08   0x000000e6   Code   RO         1089    i.HAL_PCD_EP_DB_Receive  stm32f1xx_hal_pcd.o
    0x08001dee   0x08001dee   0x00000330   Code   RO         1090    i.HAL_PCD_EP_DB_Transmit  stm32f1xx_hal_pcd.o
    0x0800211e   0x0800211e   0x00000012   Code   RO         1092    i.HAL_PCD_EP_GetRxCount  stm32f1xx_hal_pcd.o
    0x08002130   0x08002130   0x00000060   Code   RO         1093    i.HAL_PCD_EP_Open   stm32f1xx_hal_pcd.o
    0x08002190   0x08002190   0x00000032   Code   RO         1094    i.HAL_PCD_EP_Receive  stm32f1xx_hal_pcd.o
    0x080021c2   0x080021c2   0x00000072   Code   RO         1095    i.HAL_PCD_EP_SetStall  stm32f1xx_hal_pcd.o
    0x08002234   0x08002234   0x00000034   Code   RO         1096    i.HAL_PCD_EP_Transmit  stm32f1xx_hal_pcd.o
    0x08002268   0x08002268   0x00000154   Code   RO         1098    i.HAL_PCD_IRQHandler  stm32f1xx_hal_pcd.o
    0x080023bc   0x080023bc   0x000000da   Code   RO         1101    i.HAL_PCD_Init      stm32f1xx_hal_pcd.o
    0x08002496   0x08002496   0x00000002   PAD
    0x08002498   0x08002498   0x0000003c   Code   RO         6072    i.HAL_PCD_MspInit   usbd_conf.o
    0x080024d4   0x080024d4   0x00000026   Code   RO         6073    i.HAL_PCD_ResetCallback  usbd_conf.o
    0x080024fa   0x080024fa   0x00000008   Code   RO         6074    i.HAL_PCD_ResumeCallback  usbd_conf.o
    0x08002502   0x08002502   0x00000008   Code   RO         6075    i.HAL_PCD_SOFCallback  usbd_conf.o
    0x0800250a   0x0800250a   0x00000028   Code   RO         1107    i.HAL_PCD_SetAddress  stm32f1xx_hal_pcd.o
    0x08002532   0x08002532   0x0000000e   Code   RO         6076    i.HAL_PCD_SetupStageCallback  usbd_conf.o
    0x08002540   0x08002540   0x00000032   Code   RO         1109    i.HAL_PCD_Start     stm32f1xx_hal_pcd.o
    0x08002572   0x08002572   0x00000002   PAD
    0x08002574   0x08002574   0x00000024   Code   RO         6077    i.HAL_PCD_SuspendCallback  usbd_conf.o
    0x08002598   0x08002598   0x000000ec   Code   RO         1809    i.HAL_RCCEx_PeriphCLKConfig  stm32f1xx_hal_rcc_ex.o
    0x08002684   0x08002684   0x0000012c   Code   RO         1706    i.HAL_RCC_ClockConfig  stm32f1xx_hal_rcc.o
    0x080027b0   0x080027b0   0x00000040   Code   RO         1710    i.HAL_RCC_GetClockConfig  stm32f1xx_hal_rcc.o
    0x080027f0   0x080027f0   0x00000020   Code   RO         1713    i.HAL_RCC_GetPCLK1Freq  stm32f1xx_hal_rcc.o
    0x08002810   0x08002810   0x00000020   Code   RO         1714    i.HAL_RCC_GetPCLK2Freq  stm32f1xx_hal_rcc.o
    0x08002830   0x08002830   0x0000006c   Code   RO         1715    i.HAL_RCC_GetSysClockFreq  stm32f1xx_hal_rcc.o
    0x0800289c   0x0800289c   0x00000320   Code   RO         1718    i.HAL_RCC_OscConfig  stm32f1xx_hal_rcc.o
    0x08002bbc   0x08002bbc   0x000000b2   Code   RO         2949    i.HAL_SPI_Init      stm32f1xx_hal_spi.o
    0x08002c6e   0x08002c6e   0x00000002   PAD
    0x08002c70   0x08002c70   0x000000c0   Code   RO          928    i.HAL_SPI_MspInit   stm32f1xx_hal_msp.o
    0x08002d30   0x08002d30   0x0000015a   Code   RO         2952    i.HAL_SPI_Receive   stm32f1xx_hal_spi.o
    0x08002e8a   0x08002e8a   0x000001e2   Code   RO         2958    i.HAL_SPI_TransmitReceive  stm32f1xx_hal_spi.o
    0x0800306c   0x0800306c   0x00000002   Code   RO         3966    i.HAL_TIMEx_BreakCallback  stm32f1xx_hal_tim_ex.o
    0x0800306e   0x0800306e   0x00000002   Code   RO         3967    i.HAL_TIMEx_CommutCallback  stm32f1xx_hal_tim_ex.o
    0x08003070   0x08003070   0x00000068   Code   RO         3985    i.HAL_TIMEx_MasterConfigSynchronization  stm32f1xx_hal_tim_ex.o
    0x080030d8   0x080030d8   0x0000005a   Code   RO         3262    i.HAL_TIM_Base_Init  stm32f1xx_hal_tim.o
    0x08003132   0x08003132   0x00000002   PAD
    0x08003134   0x08003134   0x000000ac   Code   RO          930    i.HAL_TIM_Base_MspInit  stm32f1xx_hal_msp.o
    0x080031e0   0x080031e0   0x00000050   Code   RO         3265    i.HAL_TIM_Base_Start  stm32f1xx_hal_tim.o
    0x08003230   0x08003230   0x00000058   Code   RO         3267    i.HAL_TIM_Base_Start_IT  stm32f1xx_hal_tim.o
    0x08003288   0x08003288   0x00000030   Code   RO         3270    i.HAL_TIM_Base_Stop_IT  stm32f1xx_hal_tim.o
    0x080032b8   0x080032b8   0x000000d6   Code   RO         3271    i.HAL_TIM_ConfigClockSource  stm32f1xx_hal_tim.o
    0x0800338e   0x0800338e   0x00000002   Code   RO         3292    i.HAL_TIM_ErrorCallback  stm32f1xx_hal_tim.o
    0x08003390   0x08003390   0x00000002   Code   RO         3296    i.HAL_TIM_IC_CaptureCallback  stm32f1xx_hal_tim.o
    0x08003392   0x08003392   0x00000166   Code   RO         3310    i.HAL_TIM_IRQHandler  stm32f1xx_hal_tim.o
    0x080034f8   0x080034f8   0x00000064   Code   RO          931    i.HAL_TIM_MspPostInit  stm32f1xx_hal_msp.o
    0x0800355c   0x0800355c   0x00000002   Code   RO         3313    i.HAL_TIM_OC_DelayElapsedCallback  stm32f1xx_hal_tim.o
    0x0800355e   0x0800355e   0x000000c6   Code   RO         3334    i.HAL_TIM_PWM_ConfigChannel  stm32f1xx_hal_tim.o
    0x08003624   0x08003624   0x0000005a   Code   RO         3337    i.HAL_TIM_PWM_Init  stm32f1xx_hal_tim.o
    0x0800367e   0x0800367e   0x00000002   Code   RO         3339    i.HAL_TIM_PWM_MspInit  stm32f1xx_hal_tim.o
    0x08003680   0x08003680   0x00000002   Code   RO         3340    i.HAL_TIM_PWM_PulseFinishedCallback  stm32f1xx_hal_tim.o
    0x08003682   0x08003682   0x00000002   PAD
    0x08003684   0x08003684   0x00000050   Code   RO          579    i.HAL_TIM_PeriodElapsedCallback  main.o
    0x080036d4   0x080036d4   0x00000002   Code   RO         3353    i.HAL_TIM_TriggerCallback  stm32f1xx_hal_tim.o
    0x080036d6   0x080036d6   0x00000062   Code   RO         4262    i.HAL_UART_Init     stm32f1xx_hal_uart.o
    0x08003738   0x08003738   0x00000070   Code   RO          933    i.HAL_UART_MspInit  stm32f1xx_hal_msp.o
    0x080037a8   0x080037a8   0x000000b2   Code   RO         4270    i.HAL_UART_Transmit  stm32f1xx_hal_uart.o
    0x0800385a   0x0800385a   0x00000002   Code   RO          831    i.HardFault_Handler  stm32f1xx_it.o
    0x0800385c   0x0800385c   0x000000c8   Code   RO          398    i.I2C1_Init         i2c.o
    0x08003924   0x08003924   0x00000040   Code   RO          399    i.I2C1_ReceiveData  i2c.o
    0x08003964   0x08003964   0x0000006c   Code   RO          400    i.I2C1_SendAddress  i2c.o
    0x080039d0   0x080039d0   0x0000002c   Code   RO          401    i.I2C1_SendData     i2c.o
    0x080039fc   0x080039fc   0x00000028   Code   RO          402    i.I2C1_Start        i2c.o
    0x08003a24   0x08003a24   0x0000001c   Code   RO          403    i.I2C1_Stop         i2c.o
    0x08003a40   0x08003a40   0x00000038   Code   RO         5926    i.IntToUnicode      usbd_desc.o
    0x08003a78   0x08003a78   0x000000dc   Code   RO          580    i.MX_GPIO_Init      main.o
    0x08003b54   0x08003b54   0x00000048   Code   RO          581    i.MX_SPI1_Init      main.o
    0x08003b9c   0x08003b9c   0x00000044   Code   RO          582    i.MX_SPI2_Init      main.o
    0x08003be0   0x08003be0   0x00000068   Code   RO          583    i.MX_TIM1_Init      main.o
    0x08003c48   0x08003c48   0x00000064   Code   RO          584    i.MX_TIM2_Init      main.o
    0x08003cac   0x08003cac   0x00000098   Code   RO          585    i.MX_TIM3_Init      main.o
    0x08003d44   0x08003d44   0x00000054   Code   RO         5895    i.MX_USB_DEVICE_Init  usb_device.o
    0x08003d98   0x08003d98   0x00000058   Code   RO          313    i.Max6675_Read_Temp  max6675.o
    0x08003df0   0x08003df0   0x00000002   Code   RO          832    i.MemManage_Handler  stm32f1xx_it.o
    0x08003df2   0x08003df2   0x00000002   Code   RO          833    i.NMI_Handler       stm32f1xx_it.o
    0x08003df4   0x08003df4   0x00000314   Code   RO         1113    i.PCD_EP_ISR_Handler  stm32f1xx_hal_pcd.o
    0x08004108   0x08004108   0x00000020   Code   RO          834    i.SDTimer_Handler   stm32f1xx_it.o
    0x08004128   0x08004128   0x0000005c   Code   RO         2986    i.SPI_EndRxTransaction  stm32f1xx_hal_spi.o
    0x08004184   0x08004184   0x00000020   Code   RO         2987    i.SPI_EndRxTxTransaction  stm32f1xx_hal_spi.o
    0x080041a4   0x080041a4   0x000000b8   Code   RO         2992    i.SPI_WaitFlagStateUntilTimeout  stm32f1xx_hal_spi.o
    0x0800425c   0x0800425c   0x00000084   Code   RO          194    i.ST7920_Init       st7920_serial.o
    0x080042e0   0x080042e0   0x00000040   Code   RO          195    i.ST7920_SendCmd    st7920_serial.o
    0x08004320   0x08004320   0x00000040   Code   RO          196    i.ST7920_SendData   st7920_serial.o
    0x08004360   0x08004360   0x0000003e   Code   RO          197    i.ST7920_SendString  st7920_serial.o
    0x0800439e   0x0800439e   0x00000002   PAD
    0x080043a0   0x080043a0   0x00000048   Code   RO          199    i.SendByteSPI       st7920_serial.o
    0x080043e8   0x080043e8   0x0000002c   Code   RO          586    i.StartADCTask      main.o
    0x08004414   0x08004414   0x00000058   Code   RO          587    i.StartCalcTask     main.o
    0x0800446c   0x0800446c   0x00000034   Code   RO          588    i.StartDHTTask      main.o
    0x080044a0   0x080044a0   0x0000000c   Code   RO          589    i.StartDefaultTask  main.o
    0x080044ac   0x080044ac   0x000000e4   Code   RO          590    i.StartDispTask     main.o
    0x08004590   0x08004590   0x0000000c   Code   RO          591    i.StartKBTask       main.o
    0x0800459c   0x0800459c   0x00000034   Code   RO          592    i.StartLedTask      main.o
    0x080045d0   0x080045d0   0x000000ac   Code   RO          593    i.StartSDCTask      main.o
    0x0800467c   0x0800467c   0x0000001c   Code   RO          594    i.StartTCTask       main.o
    0x08004698   0x08004698   0x0000002c   Code   RO         5816    i.SysTick_Handler   port.o
    0x080046c4   0x080046c4   0x00000076   Code   RO          595    i.SystemClock_Config  main.o
    0x0800473a   0x0800473a   0x00000002   Code   RO         4591    i.SystemInit        system_stm32f1xx.o
    0x0800473c   0x0800473c   0x0000000c   Code   RO          835    i.TIM2_IRQHandler   stm32f1xx_it.o
    0x08004748   0x08004748   0x0000002c   Code   RO          836    i.TIM4_IRQHandler   stm32f1xx_it.o
    0x08004774   0x08004774   0x0000006c   Code   RO         3355    i.TIM_Base_SetConfig  stm32f1xx_hal_tim.o
    0x080047e0   0x080047e0   0x0000001a   Code   RO         3356    i.TIM_CCxChannelCmd  stm32f1xx_hal_tim.o
    0x080047fa   0x080047fa   0x00000054   Code   RO         3361    i.TIM_DMAError      stm32f1xx_hal_tim.o
    0x0800484e   0x0800484e   0x00000014   Code   RO         3366    i.TIM_ETR_SetConfig  stm32f1xx_hal_tim.o
    0x08004862   0x08004862   0x00000010   Code   RO         3367    i.TIM_ITRx_SetConfig  stm32f1xx_hal_tim.o
    0x08004872   0x08004872   0x00000002   PAD
    0x08004874   0x08004874   0x00000050   Code   RO         3368    i.TIM_OC1_SetConfig  stm32f1xx_hal_tim.o
    0x080048c4   0x080048c4   0x00000058   Code   RO         3369    i.TIM_OC2_SetConfig  stm32f1xx_hal_tim.o
    0x0800491c   0x0800491c   0x00000058   Code   RO         3370    i.TIM_OC3_SetConfig  stm32f1xx_hal_tim.o
    0x08004974   0x08004974   0x00000044   Code   RO         3371    i.TIM_OC4_SetConfig  stm32f1xx_hal_tim.o
    0x080049b8   0x080049b8   0x00000022   Code   RO         3373    i.TIM_TI1_ConfigInputStage  stm32f1xx_hal_tim.o
    0x080049da   0x080049da   0x00000024   Code   RO         3375    i.TIM_TI2_ConfigInputStage  stm32f1xx_hal_tim.o
    0x080049fe   0x080049fe   0x00000002   PAD
    0x08004a00   0x08004a00   0x000000b8   Code   RO         4288    i.UART_SetConfig    stm32f1xx_hal_uart.o
    0x08004ab8   0x08004ab8   0x00000064   Code   RO         4291    i.UART_WaitOnFlagUntilTimeout  stm32f1xx_hal_uart.o
    0x08004b1c   0x08004b1c   0x00000046   Code   RO         6539    i.USBD_CDC_DataIn   usbd_cdc.o
    0x08004b62   0x08004b62   0x0000002e   Code   RO         6540    i.USBD_CDC_DataOut  usbd_cdc.o
    0x08004b90   0x08004b90   0x00000044   Code   RO         6541    i.USBD_CDC_DeInit   usbd_cdc.o
    0x08004bd4   0x08004bd4   0x00000024   Code   RO         6542    i.USBD_CDC_EP0_RxReady  usbd_cdc.o
    0x08004bf8   0x08004bf8   0x0000000c   Code   RO         6543    i.USBD_CDC_GetDeviceQualifierDescriptor  usbd_cdc.o
    0x08004c04   0x08004c04   0x0000000c   Code   RO         6544    i.USBD_CDC_GetFSCfgDesc  usbd_cdc.o
    0x08004c10   0x08004c10   0x0000000c   Code   RO         6545    i.USBD_CDC_GetHSCfgDesc  usbd_cdc.o
    0x08004c1c   0x08004c1c   0x0000000c   Code   RO         6546    i.USBD_CDC_GetOtherSpeedCfgDesc  usbd_cdc.o
    0x08004c28   0x08004c28   0x00000094   Code   RO         6547    i.USBD_CDC_Init     usbd_cdc.o
    0x08004cbc   0x08004cbc   0x00000028   Code   RO         6548    i.USBD_CDC_ReceivePacket  usbd_cdc.o
    0x08004ce4   0x08004ce4   0x00000010   Code   RO         6549    i.USBD_CDC_RegisterInterface  usbd_cdc.o
    0x08004cf4   0x08004cf4   0x0000000c   Code   RO         6550    i.USBD_CDC_SetRxBuffer  usbd_cdc.o
    0x08004d00   0x08004d00   0x00000010   Code   RO         6551    i.USBD_CDC_SetTxBuffer  usbd_cdc.o
    0x08004d10   0x08004d10   0x000000ac   Code   RO         6552    i.USBD_CDC_Setup    usbd_cdc.o
    0x08004dbc   0x08004dbc   0x00000036   Code   RO         6553    i.USBD_CDC_TransmitPacket  usbd_cdc.o
    0x08004df2   0x08004df2   0x0000000e   Code   RO         6276    i.USBD_ClrClassConfig  usbd_core.o
    0x08004e00   0x08004e00   0x00000010   Code   RO         6479    i.USBD_CtlContinueRx  usbd_ioreq.o
    0x08004e10   0x08004e10   0x00000010   Code   RO         6480    i.USBD_CtlContinueSendData  usbd_ioreq.o
    0x08004e20   0x08004e20   0x00000016   Code   RO         6414    i.USBD_CtlError     usbd_ctlreq.o
    0x08004e36   0x08004e36   0x0000001e   Code   RO         6481    i.USBD_CtlPrepareRx  usbd_ioreq.o
    0x08004e54   0x08004e54   0x00000016   Code   RO         6482    i.USBD_CtlReceiveStatus  usbd_ioreq.o
    0x08004e6a   0x08004e6a   0x0000001a   Code   RO         6483    i.USBD_CtlSendData  usbd_ioreq.o
    0x08004e84   0x08004e84   0x00000016   Code   RO         6484    i.USBD_CtlSendStatus  usbd_ioreq.o
    0x08004e9a   0x08004e9a   0x00000002   PAD
    0x08004e9c   0x08004e9c   0x00000020   Code   RO         5927    i.USBD_FS_ConfigStrDescriptor  usbd_desc.o
    0x08004ebc   0x08004ebc   0x0000000c   Code   RO         5928    i.USBD_FS_DeviceDescriptor  usbd_desc.o
    0x08004ec8   0x08004ec8   0x00000024   Code   RO         5929    i.USBD_FS_InterfaceStrDescriptor  usbd_desc.o
    0x08004eec   0x08004eec   0x0000000c   Code   RO         5930    i.USBD_FS_LangIDStrDescriptor  usbd_desc.o
    0x08004ef8   0x08004ef8   0x00000028   Code   RO         5931    i.USBD_FS_ManufacturerStrDescriptor  usbd_desc.o
    0x08004f20   0x08004f20   0x0000002c   Code   RO         5932    i.USBD_FS_ProductStrDescriptor  usbd_desc.o
    0x08004f4c   0x08004f4c   0x00000038   Code   RO         5933    i.USBD_FS_SerialStrDescriptor  usbd_desc.o
    0x08004f84   0x08004f84   0x000000e8   Code   RO         6415    i.USBD_GetDescriptor  usbd_ctlreq.o
    0x0800506c   0x0800506c   0x00000048   Code   RO         6416    i.USBD_GetString    usbd_ctlreq.o
    0x080050b4   0x080050b4   0x00000018   Code   RO         6078    i.USBD_Get_USB_Status  usbd_conf.o
    0x080050cc   0x080050cc   0x0000002a   Code   RO         6278    i.USBD_Init         usbd_core.o
    0x080050f6   0x080050f6   0x00000012   Code   RO         6079    i.USBD_LL_ClearStallEP  usbd_conf.o
    0x08005108   0x08005108   0x00000012   Code   RO         6080    i.USBD_LL_CloseEP   usbd_conf.o
    0x0800511a   0x0800511a   0x000000c6   Code   RO         6279    i.USBD_LL_DataInStage  usbd_core.o
    0x080051e0   0x080051e0   0x00000082   Code   RO         6280    i.USBD_LL_DataOutStage  usbd_core.o
    0x08005262   0x08005262   0x00000008   Code   RO         6084    i.USBD_LL_GetRxDataSize  usbd_conf.o
    0x0800526a   0x0800526a   0x00000002   PAD
    0x0800526c   0x0800526c   0x00000080   Code   RO         6085    i.USBD_LL_Init      usbd_conf.o
    0x080052ec   0x080052ec   0x00000020   Code   RO         6086    i.USBD_LL_IsStallEP  usbd_conf.o
    0x0800530c   0x0800530c   0x00000018   Code   RO         6087    i.USBD_LL_OpenEP    usbd_conf.o
    0x08005324   0x08005324   0x00000012   Code   RO         6088    i.USBD_LL_PrepareReceive  usbd_conf.o
    0x08005336   0x08005336   0x00000050   Code   RO         6285    i.USBD_LL_Reset     usbd_core.o
    0x08005386   0x08005386   0x00000014   Code   RO         6286    i.USBD_LL_Resume    usbd_core.o
    0x0800539a   0x0800539a   0x00000018   Code   RO         6287    i.USBD_LL_SOF       usbd_core.o
    0x080053b2   0x080053b2   0x00000006   Code   RO         6288    i.USBD_LL_SetSpeed  usbd_core.o
    0x080053b8   0x080053b8   0x00000012   Code   RO         6089    i.USBD_LL_SetUSBAddress  usbd_conf.o
    0x080053ca   0x080053ca   0x0000005a   Code   RO         6289    i.USBD_LL_SetupStage  usbd_core.o
    0x08005424   0x08005424   0x00000012   Code   RO         6090    i.USBD_LL_StallEP   usbd_conf.o
    0x08005436   0x08005436   0x00000012   Code   RO         6091    i.USBD_LL_Start     usbd_conf.o
    0x08005448   0x08005448   0x00000012   Code   RO         6290    i.USBD_LL_Suspend   usbd_core.o
    0x0800545a   0x0800545a   0x00000012   Code   RO         6093    i.USBD_LL_Transmit  usbd_conf.o
    0x0800546c   0x0800546c   0x00000028   Code   RO         6417    i.USBD_ParseSetupRequest  usbd_ctlreq.o
    0x08005494   0x08005494   0x00000010   Code   RO         6291    i.USBD_RegisterClass  usbd_core.o
    0x080054a4   0x080054a4   0x00000016   Code   RO         6293    i.USBD_SetClassConfig  usbd_core.o
    0x080054ba   0x080054ba   0x00000002   PAD
    0x080054bc   0x080054bc   0x00000084   Code   RO         6418    i.USBD_SetConfig    usbd_ctlreq.o
    0x08005540   0x08005540   0x0000000a   Code   RO         6294    i.USBD_Start        usbd_core.o
    0x0800554a   0x0800554a   0x00000112   Code   RO         6419    i.USBD_StdDevReq    usbd_ctlreq.o
    0x0800565c   0x0800565c   0x00000150   Code   RO         6420    i.USBD_StdEPReq     usbd_ctlreq.o
    0x080057ac   0x080057ac   0x0000004e   Code   RO         6421    i.USBD_StdItfReq    usbd_ctlreq.o
    0x080057fa   0x080057fa   0x00000002   Code   RO         6094    i.USBD_static_free  usbd_conf.o
    0x080057fc   0x080057fc   0x00000008   Code   RO         6095    i.USBD_static_malloc  usbd_conf.o
    0x08005804   0x08005804   0x00000258   Code   RO         1351    i.USB_ActivateEndpoint  stm32f1xx_ll_usb.o
    0x08005a5c   0x08005a5c   0x00000004   Code   RO         1354    i.USB_CoreInit      stm32f1xx_ll_usb.o
    0x08005a60   0x08005a60   0x0000010e   Code   RO         1356    i.USB_DeactivateEndpoint  stm32f1xx_ll_usb.o
    0x08005b6e   0x08005b6e   0x00000004   Code   RO         1357    i.USB_DevConnect    stm32f1xx_ll_usb.o
    0x08005b72   0x08005b72   0x00000004   Code   RO         1358    i.USB_DevDisconnect  stm32f1xx_ll_usb.o
    0x08005b76   0x08005b76   0x00000012   Code   RO         1359    i.USB_DevInit       stm32f1xx_ll_usb.o
    0x08005b88   0x08005b88   0x0000000e   Code   RO         1360    i.USB_DisableGlobalInt  stm32f1xx_ll_usb.o
    0x08005b96   0x08005b96   0x00000004   Code   RO         1361    i.USB_EP0_OutStart  stm32f1xx_ll_usb.o
    0x08005b9a   0x08005b9a   0x00000078   Code   RO         1362    i.USB_EPClearStall  stm32f1xx_ll_usb.o
    0x08005c12   0x08005c12   0x00000032   Code   RO         1363    i.USB_EPSetStall    stm32f1xx_ll_usb.o
    0x08005c44   0x08005c44   0x0000060c   Code   RO         1364    i.USB_EPStartXfer   stm32f1xx_ll_usb.o
    0x08006250   0x08006250   0x00000012   Code   RO         1365    i.USB_EnableGlobalInt  stm32f1xx_ll_usb.o
    0x08006262   0x08006262   0x00000002   PAD
    0x08006264   0x08006264   0x0000000c   Code   RO          837    i.USB_LP_CAN1_RX0_IRQHandler  stm32f1xx_it.o
    0x08006270   0x08006270   0x00000006   Code   RO         1372    i.USB_ReadInterrupts  stm32f1xx_ll_usb.o
    0x08006276   0x08006276   0x00000002   PAD
    0x08006278   0x08006278   0x0000002c   Code   RO         1373    i.USB_ReadPMA       stm32f1xx_ll_usb.o
    0x080062a4   0x080062a4   0x00000004   Code   RO         1374    i.USB_SetCurrentMode  stm32f1xx_ll_usb.o
    0x080062a8   0x080062a8   0x0000000c   Code   RO         1375    i.USB_SetDevAddress  stm32f1xx_ll_usb.o
    0x080062b4   0x080062b4   0x00000026   Code   RO         1377    i.USB_WritePMA      stm32f1xx_ll_usb.o
    0x080062da   0x080062da   0x00000002   Code   RO          838    i.UsageFault_Handler  stm32f1xx_it.o
    0x080062dc   0x080062dc   0x00000028   Code   RO         6894    i.__0sprintf        mc_w.l(printfa.o)
    0x08006304   0x08006304   0x00000020   Code   RO         2019    i.__NVIC_SetPriority  stm32f1xx_hal_cortex.o
    0x08006324   0x08006324   0x0000000e   Code   RO         6990    i.__scatterload_copy  mc_w.l(handlers.o)
    0x08006332   0x08006332   0x00000002   Code   RO         6991    i.__scatterload_null  mc_w.l(handlers.o)
    0x08006334   0x08006334   0x0000000e   Code   RO         6992    i.__scatterload_zeroinit  mc_w.l(handlers.o)
    0x08006342   0x08006342   0x00000002   PAD
    0x08006344   0x08006344   0x00000184   Code   RO         6899    i._fp_digits        mc_w.l(printfa.o)
    0x080064c8   0x080064c8   0x000006dc   Code   RO         6900    i._printf_core      mc_w.l(printfa.o)
    0x08006ba4   0x08006ba4   0x00000024   Code   RO         6901    i._printf_post_padding  mc_w.l(printfa.o)
    0x08006bc8   0x08006bc8   0x0000002e   Code   RO         6902    i._printf_pre_padding  mc_w.l(printfa.o)
    0x08006bf6   0x08006bf6   0x0000000a   Code   RO         6904    i._sputc            mc_w.l(printfa.o)
    0x08006c00   0x08006c00   0x0000000c   Code   RO          144    i.delay_init        delay.o
    0x08006c0c   0x08006c0c   0x00000018   Code   RO          146    i.delay_us          delay.o
    0x08006c24   0x08006c24   0x000001f0   Code   RO          596    i.main              main.o
    0x08006e14   0x08006e14   0x0000000c   Code   RO         5387    i.makeFreeRtosPriority  cmsis_os.o
    0x08006e20   0x08006e20   0x0000000e   Code   RO         5389    i.osDelay           cmsis_os.o
    0x08006e2e   0x08006e2e   0x0000000a   Code   RO         5392    i.osKernelStart     cmsis_os.o
    0x08006e38   0x08006e38   0x00000054   Code   RO         5426    i.osThreadCreate    cmsis_os.o
    0x08006e8c   0x08006e8c   0x00000070   Code   RO         5084    i.prvAddCurrentTaskToDelayedList  tasks.o
    0x08006efc   0x08006efc   0x000000d0   Code   RO         5085    i.prvAddNewTaskToReadyList  tasks.o
    0x08006fcc   0x08006fcc   0x00000034   Code   RO         5086    i.prvDeleteTCB      tasks.o
    0x08007000   0x08007000   0x0000004c   Code   RO         5754    i.prvHeapInit       heap_4.o
    0x0800704c   0x0800704c   0x00000060   Code   RO         5087    i.prvIdleTask       tasks.o
    0x080070ac   0x080070ac   0x0000008e   Code   RO         5088    i.prvInitialiseNewTask  tasks.o
    0x0800713a   0x0800713a   0x00000002   PAD
    0x0800713c   0x0800713c   0x0000004c   Code   RO         5755    i.prvInsertBlockIntoFreeList  heap_4.o
    0x08007188   0x08007188   0x00000020   Code   RO         5089    i.prvResetNextTaskUnblockTime  tasks.o
    0x080071a8   0x080071a8   0x00000028   Code   RO         5817    i.prvTaskExitError  port.o
    0x080071d0   0x080071d0   0x000000d8   Code   RO         5756    i.pvPortMalloc      heap_4.o
    0x080072a8   0x080072a8   0x00000024   Code   RO         5818    i.pxPortInitialiseStack  port.o
    0x080072cc   0x080072cc   0x00000026   Code   RO         4729    i.uxListRemove      list.o
    0x080072f2   0x080072f2   0x00000002   PAD
    0x080072f4   0x080072f4   0x00000014   Code   RO          793    i.vApplicationGetIdleTaskMemory  freertos.o
    0x08007308   0x08007308   0x00000016   Code   RO         4730    i.vListInitialise   list.o
    0x0800731e   0x0800731e   0x00000006   Code   RO         4731    i.vListInitialiseItem  list.o
    0x08007324   0x08007324   0x00000030   Code   RO         4732    i.vListInsert       list.o
    0x08007354   0x08007354   0x00000018   Code   RO         4733    i.vListInsertEnd    list.o
    0x0800736c   0x0800736c   0x00000040   Code   RO         5820    i.vPortEnterCritical  port.o
    0x080073ac   0x080073ac   0x00000028   Code   RO         5821    i.vPortExitCritical  port.o
    0x080073d4   0x080073d4   0x0000005c   Code   RO         5757    i.vPortFree         heap_4.o
    0x08007430   0x08007430   0x00000024   Code   RO         5822    i.vPortSetupTimerInterrupt  port.o
    0x08007454   0x08007454   0x0000004c   Code   RO         5097    i.vTaskDelay        tasks.o
    0x080074a0   0x080074a0   0x0000006c   Code   RO         5110    i.vTaskStartScheduler  tasks.o
    0x0800750c   0x0800750c   0x00000010   Code   RO         5112    i.vTaskSuspendAll   tasks.o
    0x0800751c   0x0800751c   0x0000005c   Code   RO         5113    i.vTaskSwitchContext  tasks.o
    0x08007578   0x08007578   0x000000a8   Code   RO         5824    i.xPortStartScheduler  port.o
    0x08007620   0x08007620   0x0000005a   Code   RO         5115    i.xTaskCreate       tasks.o
    0x0800767a   0x0800767a   0x00000056   Code   RO         5116    i.xTaskCreateStatic  tasks.o
    0x080076d0   0x080076d0   0x000000c8   Code   RO         5123    i.xTaskIncrementTick  tasks.o
    0x08007798   0x08007798   0x000000c4   Code   RO         5129    i.xTaskResumeAll    tasks.o
    0x0800785c   0x0800785c   0x00000008   Data   RO           14    .constdata          dht.o
    0x08007864   0x08007864   0x000000fc   Data   RO          601    .constdata          main.o
    0x08007960   0x08007960   0x00000010   Data   RO         4592    .constdata          system_stm32f1xx.o
    0x08007970   0x08007970   0x00000008   Data   RO         4593    .constdata          system_stm32f1xx.o
    0x08007978   0x08007978   0x00000054   Data   RO          602    .conststring        main.o
    0x080079cc   0x080079cc   0x00000020   Data   RO         6988    Region$$Table       anon$$obj.o


    Execution Region RW_IRAM1 (Exec base: 0x20000000, Load base: 0x080079ec, Size: 0x00004938, Max: 0x00040000, ABSOLUTE, COMPRESSED[0x000000d0])

    Exec Addr    Load Addr    Size         Type   Attr      Idx    E Section Name        Object

    0x20000000   COMPRESSED   0x00000003   Data   RW          314    .data               max6675.o
    0x20000003   COMPRESSED   0x00000001   PAD
    0x20000004   COMPRESSED   0x00000006   Data   RW          467    .data               argb.o
    0x2000000a   COMPRESSED   0x00000002   PAD
    0x2000000c   COMPRESSED   0x00000050   Data   RW          603    .data               main.o
    0x2000005c   COMPRESSED   0x00000003   Data   RW          839    .data               stm32f1xx_it.o
    0x2000005f   COMPRESSED   0x00000001   PAD
    0x20000060   COMPRESSED   0x0000000c   Data   RW         1556    .data               stm32f1xx_hal.o
    0x2000006c   COMPRESSED   0x00000004   Data   RW         4594    .data               system_stm32f1xx.o
    0x20000070   COMPRESSED   0x0000003c   Data   RW         5132    .data               tasks.o
    0x200000ac   COMPRESSED   0x00000018   Data   RW         5762    .data               heap_4.o
    0x200000c4   COMPRESSED   0x0000000c   Data   RW         5825    .data               port.o
    0x200000d0   COMPRESSED   0x0000001c   Data   RW         5935    .data               usbd_desc.o
    0x200000ec   COMPRESSED   0x00000032   Data   RW         5936    .data               usbd_desc.o
    0x2000011e   COMPRESSED   0x00000002   PAD
    0x20000120   COMPRESSED   0x00000010   Data   RW         6018    .data               usbd_cdc_if.o
    0x20000130   COMPRESSED   0x00000001   Data   RW         6422    .data               usbd_ctlreq.o
    0x20000131   COMPRESSED   0x00000003   PAD
    0x20000134   COMPRESSED   0x000000d7   Data   RW         6554    .data               usbd_cdc.o
    0x2000020b   COMPRESSED   0x00000001   PAD
    0x2000020c   COMPRESSED   0x00000038   Data   RW         6555    .data               usbd_cdc.o
    0x20000244        -       0x000000d0   Zero   RW          466    .bss                argb.o
    0x20000314        -       0x000002b0   Zero   RW          597    .bss                main.o
    0x200005c4        -       0x00000044   Zero   RW          598    .bss                main.o
    0x20000608        -       0x00000254   Zero   RW          794    .bss                freertos.o
    0x2000085c        -       0x00000048   Zero   RW         1006    .bss                stm32f1xx_hal_timebase_tim.o
    0x200008a4        -       0x000000f0   Zero   RW         5131    .bss                tasks.o
    0x20000994        -       0x00001800   Zero   RW         5761    .bss                heap_4.o
    0x20002194        -       0x000002c4   Zero   RW         5896    .bss                usb_device.o
    0x20002458        -       0x00000200   Zero   RW         5934    .bss                usbd_desc.o
    0x20002658        -       0x000007d0   Zero   RW         6017    .bss                usbd_cdc_if.o
    0x20002e28        -       0x0000050c   Zero   RW         6096    .bss                usbd_conf.o
    0x20003334   COMPRESSED   0x00000004   PAD
    0x20003338        -       0x00001600   Zero   RW            1    STACK               startup_stm32f103xb.o


==============================================================================

Image component sizes


      Code (inc. data)   RO Data    RW Data    ZI Data      Debug   Object Name

       282         10          0          0          0       3326   ads1115.o
      1268        120          0          6        208       5652   argb.o
       120          0          0          0          0      22213   cmsis_os.o
        36         12          0          0          0        820   delay.o
       536         14          8          0          0     455546   dht.o
         0          0          0          0          0      18124   event_groups.o
        20          4          0          0        596       1184   freertos.o
       460         24          0         24       6144       7115   heap_4.o
       484         58          0          0          0       3035   i2c.o
       138          0          0          0          0       3294   list.o
      2138        328        336         80        756      50244   main.o
        88         12          0          3          0       1061   max6675.o
       578         60          0         12          0      10148   port.o
       394         16          0          0          0       2823   st7920_serial.o
        36          8        236          0       5632        784   startup_stm32f103xb.o
       100         18          0         12          0       5122   stm32f1xx_hal.o
       158         14          0          0          0      28098   stm32f1xx_hal_cortex.o
       738         36          0          0          0       4214   stm32f1xx_hal_dma.o
       524         40          0          0          0       4022   stm32f1xx_hal_gpio.o
       392         16          0          0          0       3063   stm32f1xx_hal_i2c.o
       740         98          0          0          0       4475   stm32f1xx_hal_msp.o
      2980          0          0          0          0      13633   stm32f1xx_hal_pcd.o
        60          0          0          0          0       1142   stm32f1xx_hal_pcd_ex.o
      1336        110          0          0          0       5701   stm32f1xx_hal_rcc.o
       236         12          0          0          0       1348   stm32f1xx_hal_rcc_ex.o
      1314          4          0          0          0       6535   stm32f1xx_hal_spi.o
      1826         60          0          0          0      17021   stm32f1xx_hal_tim.o
       108         12          0          0          0       2305   stm32f1xx_hal_tim_ex.o
       152         20          0          0         72       1427   stm32f1xx_hal_timebase_tim.o
       560          6          0          0          0       3856   stm32f1xx_hal_uart.o
       130         34          0          3          0       5838   stm32f1xx_it.o
      2758          0          0          0          0      16259   stm32f1xx_ll_usb.o
         0          0          0          0          0        392   stream_buffer.o
         2          0         24          4          0       1067   system_stm32f1xx.o
      1506        110          0         60        240      15834   tasks.o
        84         18          0          0        708        756   usb_device.o
       726         16          0        271          0      12738   usbd_cdc.o
       112         22          0         16       2000       3152   usbd_cdc_if.o
       556         30          0          0       1292      13765   usbd_conf.o
       670          0          0          0          0       9227   usbd_core.o
      1186         28          0          1          0       7760   usbd_ctlreq.o
       288        104          0         78        512       5749   usbd_desc.o
       132          0          0          0          0       4204   usbd_ioreq.o

    ----------------------------------------------------------------------
     25992       1474        636        580      18164     784072   Object Totals
         0          0         32          0          0          0   (incl. Generated)
        40          0          0         10          4          0   (incl. Padding)

    ----------------------------------------------------------------------

      Code (inc. data)   RO Data    RW Data    ZI Data      Debug   Library Member Name

        86          0          0          0          0          0   __dczerorl2.o
         0          0          0          0          0          0   entry.o
         0          0          0          0          0          0   entry10a.o
         0          0          0          0          0          0   entry11a.o
         8          4          0          0          0          0   entry2.o
         4          0          0          0          0          0   entry5.o
         0          0          0          0          0          0   entry7b.o
         0          0          0          0          0          0   entry8b.o
         8          4          0          0          0          0   entry9a.o
        30          0          0          0          0          0   handlers.o
        36          8          0          0          0         68   init.o
         0          0          0          0          0          0   iusefp.o
        30          0          0          0          0         68   llshl.o
        36          0          0          0          0         68   llsshr.o
        32          0          0          0          0         68   llushr.o
        36          0          0          0          0         68   memcpya.o
        36          0          0          0          0        108   memseta.o
      2276         86          0          0          0        520   printfa.o
        44          0          0          0          0         80   uidiv.o
        98          0          0          0          0         92   uldiv.o
        48          0          0          0          0         68   cdrcmple.o
        56          0          0          0          0         88   d2f.o
       334          0          0          0          0        148   dadd.o
       222          0          0          0          0        100   ddiv.o
       186          0          0          0          0        176   depilogue.o
        50          0          0          0          0         76   dfixui.o
        48          0          0          0          0         68   dfixul.o
        26          0          0          0          0         76   dfltui.o
       228          0          0          0          0         96   dmul.o
        38          0          0          0          0         68   f2d.o
       176          0          0          0          0        140   fadd.o
       124          0          0          0          0         88   fdiv.o
       110          0          0          0          0        168   fepilogue.o
        40          0          0          0          0         68   ffixui.o
        10          0          0          0          0         68   ffltui.o
       100          0          0          0          0         76   fmul.o
        24          0          0          0          0         68   fscalb.o

    ----------------------------------------------------------------------
      4584        102          0          0          0       2780   Library Totals
         4          0          0          0          0          0   (incl. Padding)

    ----------------------------------------------------------------------

      Code (inc. data)   RO Data    RW Data    ZI Data      Debug   Library Name

      2760        102          0          0          0       1140   mc_w.l
      1820          0          0          0          0       1640   mf_w.l

    ----------------------------------------------------------------------
      4584        102          0          0          0       2780   Library Totals

    ----------------------------------------------------------------------

==============================================================================


      Code (inc. data)   RO Data    RW Data    ZI Data      Debug   

     30576       1576        636        580      18164     771484   Grand Totals
     30576       1576        636        208      18164     771484   ELF Image Totals (compressed)
     30576       1576        636        208          0          0   ROM Totals

==============================================================================

    Total RO  Size (Code + RO Data)                31212 (  30.48kB)
    Total RW  Size (RW Data + ZI Data)             18744 (  18.30kB)
    Total ROM Size (Code + RO Data + RW Data)      31420 (  30.68kB)

==============================================================================

